MagicCube4D 1 0 108
525252525252525252525252525
070707070707070707070707070
616161616161616161616161616
343434343434343434343434343
434343434343434343434343434
161616161616161616161616161
707070707070707070707070707
252525252525252525252525252
412 412 210:2 210:2 412 412 210:2 210:2 216 216
312:2 312:2 216 216 312:2 312:2 012:2 012:2 410:-1 216
216 312:2 312:2 216 216 312:2 312:2 314 314 516:2
516:2 314 314 516:2 516:2 016:2 016:2 122:2 122:2 512:2
512:2 44:2 44:2 012:2 012:2 24:2 24:2 44:2 44:2 412:2
412:2 412 412 516:2 516:2 412 412 516:2 516:2 510
510 312:2 312:2 510 510 312:2 312:2 612:2 612:2 512:2
512:2 310:2 310:2 612:-1 510 510 312:2 312:2 510 510
312:2 312:2 314 314 210:2 210:2 314 314 210:2 210:2
014:2 014:2 314 314 14:2 14:2 314 314 14:2 14:2
122 122 414:2 414:2 122 122 414:2 414:2.
