MagicCube4D 3 3 135 {4,3,3} 3
1 0 0 0
0 1 0 0
0 0 1 0
0 0 0 1
*
194,1,1 162,1,1 118,1,1 200,1,2 187,1,1 200,1,2 59,1,1 185,1,1 65,1,1 211,1,2
154,1,1 179,1,2 87,1,1 49,1,1 67,1,2 213,1,2 178,1,1 113,1,1 214,1,1 89,1,2
191,1,1 101,1,1 210,1,2 60,1,1 84,1,1 37,1,1 92,1,1 202,1,1 166,1,1 138,1,1
97,1,2 214,1,1 48,1,1 206,1,1 95,1,1 186,1,2 21,1,1 152,1,1 204,1,2 86,1,2
135,1,1 187,1,1 75,1,2 34,1,1 195,1,2 94,1,1 m| 130,1,7 156,1,7 132,1,1 132,1,1
165,1,1 214,1,1 132,1,1 25,1,1 86,1,1 47,1,1 18,1,1 87,1,1 214,1,1 58,1,1
16,1,1 157,1,1 30,1,1 136,1,1 79,1,1 117,1,1 64,1,1 137,1,1 111,1,1 159,1,1 159,1,1
13,1,1 185,1,1 185,1,1 23,1,1 23,1,1 183,1,1 113,1,1 178,1,1 122,1,1 0,1,1 130,1,1 130,1,1 21,1,1
125,1,1 168,1,1 4,1,1 124,1,1 184,1,1 20,1,1 125,1,1 162,1,1 66,1,1 187,1,1 187,1,1
66,1,1 112,1,1 183,1,1 130,1,1 130,1,1 168,1,1 129,1,1 172,1,1 112,1,1 170,1,1 124,1,1
164,1,1 21,1,1 182,1,1 24,1,1 170,1,1 66,1,1 187,1,1 187,1,1 66,1,1 169,1,1 128,1,1
185,1,1 133,1,1 130,1,7 133,1,1 133,1,1 155,1,7 155,1,7 129,1,7 128,1,3 155,1,1 133,1,1
201,1,5 155,1,1 128,1,1 201,1,5 160,1,1 160,1,1 133,1,3 132,1,7 182,1,7 155,1,1 133,1,1
182,1,1 213,1,3 106,1,1 187,1,1 75,1,1 155,1,1 25,1,1 155,1,1 155,1,1 20,1,1 78,1,1
76,1,1 22,1,1 77,1,1 23,1,1 79,1,1 20,1,1 75,1,1 25,1,1 78,1,1 211,1,3
187,1,5 197,1,3 155,1,1 155,1,1 52,1,1 212,1,3 155,1,5 211,1,3 214,1,3 214,1,3 187,1,1 79,1,1
209,1,3 128,1,1 128,1,1 79,1,1 133,1,1 213,1,3 213,1,3 101,1,1 160,1,5 128,1,1 128,1,1 160,1,1 214,1,3
212,1,3 128,1,1 182,1,1 182,1,1 210,1,3 52,1,1 52,1,1 210,1,3 106,1,1 182,1,1 182,1,1 210,1,3 128,1,1 128,1,1
21,1,1 23,1,1.
