MagicCube4D 3 3 191 {4,3,3} 3
0.01819699718070393 -0.8830881335640448 -0.46885415392420016 -2.925836087297376E-9
0.8281942010007204 -0.24940052475492613 0.5018901709345839 4.379940093404794E-16
-5.3241421768210675E-11 2.5837707694079335E-9 1.3717910817225192E-9 -1.0
-0.5601457263269835 -0.39743518542064127 0.72683013054446 6.310510650816255E-16
*
194,-1,1 181,-1,4 151,1,4 21,1,2 174,1,1 204,-1,2 178,-1,4 201,1,2 140,1,1 121,-1,4
69,1,1 45,-1,1 190,1,2 170,-1,1 19,-1,4 118,1,1 214,1,1 86,-1,4 169,1,1 156,-1,2
86,1,2 6,-1,2 139,1,4 198,-1,2 181,-1,1 156,1,1 30,-1,1 64,-1,4 206,1,4 41,1,1
126,1,2 64,1,4 186,-1,4 94,1,2 22,-1,4 85,-1,1 155,-1,2 197,-1,2 121,1,4 209,-1,1
44,1,4 69,-1,1 102,-1,2 48,1,4 121,-1,2 73,1,1 m| 177,1,1 128,1,1 185,1,1
15,1,1 101,1,1 171,1,1 155,-1,1 50,1,1 136,1,1 47,-1,1 72,1,1 106,-1,1 137,1,1
186,1,2 212,1,1 41,1,1 6,-1,1 96,1,1 49,-1,1 12,1,1 182,-1,1 103,1,1 25,1,1
74,1,1 101,1,1 31,-1,1 62,1,1 31,1,1 88,1,1 65,1,1 48,-1,1 60,-1,1 92,1,4
74,-1,1 47,-1,1 24,-1,1 185,1,1 158,-1,1 165,-1,1 150,1,1 10,1,1 138,-1,1 47,1,1
24,-1,1 104,1,4 19,1,1 172,1,1 25,-1,1 95,1,4 138,1,1 25,1,1 99,1,4 138,-1,1
90,1,4 24,1,1 104,-1,4 172,1,1 213,-1,1 132,-1,1 213,1,1 22,-1,1 69,1,1 176,1,1
127,1,1 169,1,1 111,1,1 74,-1,1 164,-1,1 74,1,1 133,-1,1 175,1,1 211,1,1 211,1,1
130,-1,1 211,1,1 211,1,1 130,1,1 69,1,1 110,-1,1 163,-1,1 76,-1,1 133,-1,1 76,1,1
115,1,1 183,1,1 122,1,1 6,-1,1 214,1,1 184,1,1 214,-1,1 184,-1,1 6,1,1 132,1,1
172,1,1 110,-1,1 132,1,4 182,1,1 132,-1,4 170,1,1 132,1,1 57,1,1 114,1,1 57,-1,1
187,1,1 130,1,1 25,-1,1 174,1,1 25,1,1 183,1,1 130,-1,1 162,-1,1 130,1,1 166,-1,1
130,-1,1 163,1,1 128,1,1 211,-1,1 184,1,1 184,1,1 211,1,1 76,1,1 23,-1,1 158,-1,1
184,1,1 158,1,1 184,1,1 23,1,1 76,-1,1 23,1,1 35,1,1 23,-1,1 178,-1,1 23,1,1
35,1,1 23,-1,1 74,1,1 40,1,1 74,-1,1 162,1,1 74,1,1 40,1,1 74,-1,1 186,1,1
132,1,1 214,-1,1 159,1,2 214,-1,1 159,-1,2 211,-1,1 46,1,1 211,1,1 177,1,1 211,-1,1
46,1,1 211,1,1 156,1,1 184,1,1 78,-1,1 184,-1,1 78,-1,1 184,-1,1 78,-1,1 181,1,1
132,-1,1 187,1,1 132,-1,1 186,-1,1 132,-1,1 184,1,1 156,-1,1 187,-1,1 78,-1,1 156,1,1
209,-1,1 132,1,1 186,1,1 132,-1,1 209,1,1 132,-1,1 156,-1,1 132,1,1 169,-1,1 132,-1,1
156,1,1 186,-1,1 132,1,1 187,1,1 156,-1,1 184,-1,1 209,-1,1 165,-1,1.
