MagicCube4D 3 3 256 {4,3,3} 2
-0.0649743638111021 0.8918712408620332 0.44759805827389365 -2.2681509448396522E-14
0.8948159995710444 -0.14646066317030484 0.4217269271168101 1.4484941024406216E-14
-0.4416816262411369 -0.4279193427118385 0.7885444674677852 2.036391888449148E-14
5.440704818621948E-15 -3.106457482887141E-14 1.2014345652196305E-14 -1.0
*
48,-1,1 20,-1,2 130,1,1 157,-1,2 47,-1,1 77,-1,1 190,-1,1 49,-1,2 158,-1,1 189,-1,1
75,1,1 185,1,2 20,1,2 110,1,1 79,-1,1 183,-1,1 214,1,2 156,1,1 47,-1,1 25,1,1
m| 155,1,1 104,-1,1 106,1,1 214,-1,1 128,1,1 128,1,1 214,1,1 128,-1,1 214,1,1
128,-1,1 214,-1,1 128,1,1 214,-1,1 128,1,1 128,1,1 214,1,1 128,-1,1 214,1,1 128,1,1
214,-1,1 128,1,1 106,-1,1 104,1,1 155,-1,1 185,1,1 182,1,1 159,1,1 159,1,1 212,-1,1
155,1,1 155,1,1 212,1,1 155,-1,1 212,1,1 155,1,1 155,1,1 212,-1,1 155,1,1 212,-1,1
155,1,1 155,1,1 212,1,1 155,-1,1 212,1,1 155,1,1 155,1,1 212,-1,1 155,1,1 159,1,1
159,1,1 182,-1,1 185,-1,1 155,1,1 185,-1,1 214,1,1 155,1,1 212,1,1 155,-1,1 212,-1,1
155,-1,1 212,-1,1 155,1,1 155,1,1 212,1,1 155,1,1 212,1,1 155,1,1 212,-1,1 155,-1,1
212,-1,1 155,1,1 155,1,1 212,1,1 214,-1,1 185,1,1 155,-1,1 185,1,1 182,1,1 105,1,1
105,1,1 210,-1,1 182,1,1 182,1,1 210,1,1 182,-1,1 210,1,1 182,1,1 182,1,1 210,-1,1
182,1,1 210,-1,1 182,1,1 182,1,1 210,1,1 182,-1,1 210,1,1 182,1,1 182,1,1 210,-1,1
182,1,1 105,1,1 105,1,1 182,-1,1 185,-1,1 185,-1,1 182,-1,1 105,1,1 159,-1,1 214,1,1
212,-1,1 155,1,1 155,1,1 212,1,1 155,1,1 212,1,1 155,1,1 155,1,1 212,-1,1 155,-1,1
212,-1,1 155,1,1 155,1,1 212,1,1 155,1,1 212,1,1 155,1,1 155,1,1 212,-1,1 155,-1,1
214,-1,1 159,1,1 105,-1,1 182,1,1 185,1,1 104,1,1 214,-1,1 155,-1,1 214,1,1 155,-1,1
214,1,1 155,1,1 155,1,1 214,-1,1 155,1,1 214,-1,1 155,1,1 214,1,1 155,-1,1 214,1,1
155,1,1 155,1,1 214,-1,1 155,1,1 104,-1,1 182,1,1 158,1,1 155,-1,1 212,-1,1 155,1,1
212,1,1 155,1,1 212,1,1 155,-1,1 212,-1,1 155,-1,1 212,-1,1 155,-1,1 212,1,1 155,1,1
212,1,1 155,1,1 212,-1,1 158,-1,1 182,-1,1 155,-1,1 185,-1,1 185,-1,1 155,-1,1 214,-1,1
155,1,1 214,-1,1 155,1,1 214,1,1 155,-1,1 214,1,1 155,1,1 214,-1,1 155,1,1 214,-1,1
155,-1,1 214,1,1 155,-1,1 214,1,1 185,1,1 185,1,1 155,1,1 74,1,1 214,1,1 74,1,1
74,1,1 214,-1,1 74,-1,1 214,1,1 74,-1,1 214,-1,1 74,1,1 214,1,1 74,-1,1 214,-1,1
74,-1,1 155,-1,1 214,-1,1 155,1,1 155,1,1 214,1,1 155,1,1 214,-1,1 155,1,1 214,1,1
155,-1,1 214,-1,1 155,1,1 214,1,1 155,1,1 51,1,1 52,-1,1 155,-1,1 214,-1,1 155,-1,1
214,1,1 155,1,1 214,-1,1 155,-1,1 214,1,1 155,-1,1 214,-1,1 155,1,1 155,1,1 214,1,1
155,1,1 74,1,1 214,1,1 74,1,1 214,-1,1 74,-1,1 214,1,1 74,1,1 214,-1,1 74,1,1
214,1,1 74,1,1 74,1,1 214,-1,1 74,-1,1 52,1,1 51,-1,1.
