MagicCube4D 3 3 5765 {4,3,3} 3
-2.997874264735096E-4 9.993402318406209E-5 0.004989941558190431 0.999987500233846
0.7253188218296622 -0.29077094884463717 0.6239844880055866 -0.0028671825937649936
-0.06405149065750693 0.8739832384995029 0.48170987520587094 -0.0025102779959331294
0.6854268183925115 0.3893655662010981 -0.6152837193854525 0.0032368417356062225
*
206,1,1 40,-1,2 67,1,1 33,1,2 132,1,2 187,1,1 70,1,2 30,-1,1 206,-1,4 37,-1,1
19,-1,1 160,-1,1 199,-1,2 102,1,1 140,-1,1 162,1,4 99,1,4 166,1,1 85,1,4 148,-1,1
201,1,2 99,-1,4 60,1,2 211,1,1 92,1,1 79,-1,2 45,1,2 69,-1,1 131,1,2 0,-1,1
174,-1,4 61,-1,2 10,-1,2 74,1,1 172,-1,1 155,-1,2 38,-1,2 138,-1,4 162,1,4 86,1,1
205,-1,4 96,1,1 73,1,1 21,1,2 155,1,4 86,1,4 m| 101,-1,1 47,1,1 101,1,1
m[ 185,-1,1 182,-1,1 101,-1,1 182,1,1 155,1,1 182,-1,1 101,-1,1 182,1,1 101,1,1
182,1,1 155,-1,1 182,-1,1 182,-1,1 101,1,1 182,1,1 101,1,1 185,-1,1 104,-1,1 185,-1,1
104,1,1 185,1,1 101,1,1 185,1,1 101,-1,1 185,-1,1 104,-1,1 185,-1,1 104,1,1 185,1,1
104,-1,1 185,1,1 104,1,1 185,1,1 101,1,1 185,-1,1 101,-1,1 185,-1,1 185,-1,1 104,-1,1
185,1,1 104,1,1 185,1,1 104,-1,1 185,1,1 104,1,1 185,1,1 104,1,1 185,1,1 104,-1,1
185,-1,1 106,-1,1 185,-1,1 106,1,1 185,1,1 104,1,1 185,1,1 104,-1,1 185,-1,1 104,1,1
185,-1,1 104,-1,1 185,-1,1 106,-1,1 185,1,1 106,1,1 185,1,1 185,1,1 104,1,1 185,-1,1
104,-1,1 185,-1,1 104,1,1 185,-1,1 104,-1,1 185,1,1 m] 101,-1,1 47,-1,1 101,1,1
74,-1,1 74,-1,1 105,1,1 105,1,1 m[ 185,-1,1 182,-1,1 101,-1,1 182,1,1 155,1,1
182,-1,1 101,-1,1 182,1,1 101,1,1 182,1,1 155,-1,1 182,-1,1 182,-1,1 101,1,1 182,1,1
101,1,1 185,-1,1 104,-1,1 185,-1,1 104,1,1 185,1,1 101,1,1 185,1,1 101,-1,1 185,-1,1
104,-1,1 185,-1,1 104,1,1 185,1,1 104,-1,1 185,1,1 104,1,1 185,1,1 101,1,1 185,-1,1
101,-1,1 185,-1,1 185,-1,1 104,-1,1 185,1,1 104,1,1 185,1,1 104,-1,1 185,1,1 104,1,1
185,1,1 104,1,1 185,1,1 104,-1,1 185,-1,1 106,-1,1 185,-1,1 106,1,1 185,1,1 104,1,1
185,1,1 104,-1,1 185,-1,1 104,1,1 185,-1,1 104,-1,1 185,-1,1 106,-1,1 185,1,1 106,1,1
185,1,1 185,1,1 104,1,1 185,-1,1 104,-1,1 185,-1,1 104,1,1 185,-1,1 104,-1,1 185,1,1
m] 105,-1,1 105,-1,1 74,1,1 74,1,1 101,1,1 182,-1,1 101,-1,1 m[ 185,-1,1
182,-1,1 101,-1,1 182,1,1 155,1,1 182,-1,1 101,-1,1 182,1,1 101,1,1 182,1,1 155,-1,1
182,-1,1 182,-1,1 101,1,1 182,1,1 101,1,1 185,-1,1 104,-1,1 185,-1,1 104,1,1 185,1,1
101,1,1 185,1,1 101,-1,1 185,-1,1 104,-1,1 185,-1,1 104,1,1 185,1,1 104,-1,1 185,1,1
104,1,1 185,1,1 101,1,1 185,-1,1 101,-1,1 185,-1,1 185,-1,1 104,-1,1 185,1,1 104,1,1
185,1,1 104,-1,1 185,1,1 104,1,1 185,1,1 104,1,1 185,1,1 104,-1,1 185,-1,1 106,-1,1
185,-1,1 106,1,1 185,1,1 104,1,1 185,1,1 104,-1,1 185,-1,1 104,1,1 185,-1,1 104,-1,1
185,-1,1 106,-1,1 185,1,1 106,1,1 185,1,1 185,1,1 104,1,1 185,-1,1 104,-1,1 185,-1,1
104,1,1 185,-1,1 104,-1,1 185,1,1 m] 101,1,1 182,1,1 101,-1,1 159,-1,1 105,1,1
214,-1,1 105,-1,1 m[ 185,-1,1 182,-1,1 101,-1,1 182,1,1 155,1,1 182,-1,1 101,-1,1
182,1,1 101,1,1 182,1,1 155,-1,1 182,-1,1 182,-1,1 101,1,1 182,1,1 101,1,1 185,-1,1
104,-1,1 185,-1,1 104,1,1 185,1,1 101,1,1 185,1,1 101,-1,1 185,-1,1 104,-1,1 185,-1,1
104,1,1 185,1,1 104,-1,1 185,1,1 104,1,1 185,1,1 101,1,1 185,-1,1 101,-1,1 185,-1,1
185,-1,1 104,-1,1 185,1,1 104,1,1 185,1,1 104,-1,1 185,1,1 104,1,1 185,1,1 104,1,1
185,1,1 104,-1,1 185,-1,1 106,-1,1 185,-1,1 106,1,1 185,1,1 104,1,1 185,1,1 104,-1,1
185,-1,1 104,1,1 185,-1,1 104,-1,1 185,-1,1 106,-1,1 185,1,1 106,1,1 185,1,1 185,1,1
104,1,1 185,-1,1 104,-1,1 185,-1,1 104,1,1 185,-1,1 104,-1,1 185,1,1 m] 105,1,1
214,1,1 105,-1,1 159,1,1 101,1,1 182,-1,1 101,-1,1 155,1,1 m[ 185,-1,1 182,-1,1
101,-1,1 182,1,1 155,1,1 182,-1,1 101,-1,1 182,1,1 101,1,1 182,1,1 155,-1,1 182,-1,1
182,-1,1 101,1,1 182,1,1 101,1,1 185,-1,1 104,-1,1 185,-1,1 104,1,1 185,1,1 101,1,1
185,1,1 101,-1,1 185,-1,1 104,-1,1 185,-1,1 104,1,1 185,1,1 104,-1,1 185,1,1 104,1,1
185,1,1 101,1,1 185,-1,1 101,-1,1 185,-1,1 185,-1,1 104,-1,1 185,1,1 104,1,1 185,1,1
104,-1,1 185,1,1 104,1,1 185,1,1 104,1,1 185,1,1 104,-1,1 185,-1,1 106,-1,1 185,-1,1
106,1,1 185,1,1 104,1,1 185,1,1 104,-1,1 185,-1,1 104,1,1 185,-1,1 104,-1,1 185,-1,1
106,-1,1 185,1,1 106,1,1 185,1,1 185,1,1 104,1,1 185,-1,1 104,-1,1 185,-1,1 104,1,1
185,-1,1 104,-1,1 185,1,1 m] 155,-1,1 101,1,1 182,1,1 101,-1,1 105,1,1 213,-1,1
105,-1,1 m[ 185,-1,1 182,-1,1 101,-1,1 182,1,1 155,1,1 182,-1,1 101,-1,1 182,1,1
101,1,1 182,1,1 155,-1,1 182,-1,1 182,-1,1 101,1,1 182,1,1 101,1,1 185,-1,1 104,-1,1
185,-1,1 104,1,1 185,1,1 101,1,1 185,1,1 101,-1,1 185,-1,1 104,-1,1 185,-1,1 104,1,1
185,1,1 104,-1,1 185,1,1 104,1,1 185,1,1 101,1,1 185,-1,1 101,-1,1 185,-1,1 185,-1,1
104,-1,1 185,1,1 104,1,1 185,1,1 104,-1,1 185,1,1 104,1,1 185,1,1 104,1,1 185,1,1
104,-1,1 185,-1,1 106,-1,1 185,-1,1 106,1,1 185,1,1 104,1,1 185,1,1 104,-1,1 185,-1,1
104,1,1 185,-1,1 104,-1,1 185,-1,1 106,-1,1 185,1,1 106,1,1 185,1,1 185,1,1 104,1,1
185,-1,1 104,-1,1 185,-1,1 104,1,1 185,-1,1 104,-1,1 185,1,1 m] 105,1,1 213,1,1
105,-1,1 47,-1,1 101,-1,1 47,1,1 101,1,1 m[ 185,-1,1 182,-1,1 101,-1,1 182,1,1
155,1,1 182,-1,1 101,-1,1 182,1,1 101,1,1 182,1,1 155,-1,1 182,-1,1 182,-1,1 101,1,1
182,1,1 101,1,1 185,-1,1 104,-1,1 185,-1,1 104,1,1 185,1,1 101,1,1 185,1,1 101,-1,1
185,-1,1 104,-1,1 185,-1,1 104,1,1 185,1,1 104,-1,1 185,1,1 104,1,1 185,1,1 101,1,1
185,-1,1 101,-1,1 185,-1,1 185,-1,1 104,-1,1 185,1,1 104,1,1 185,1,1 104,-1,1 185,1,1
104,1,1 185,1,1 104,1,1 185,1,1 104,-1,1 185,-1,1 106,-1,1 185,-1,1 106,1,1 185,1,1
104,1,1 185,1,1 104,-1,1 185,-1,1 104,1,1 185,-1,1 104,-1,1 185,-1,1 106,-1,1 185,1,1
106,1,1 185,1,1 185,1,1 104,1,1 185,-1,1 104,-1,1 185,-1,1 104,1,1 185,-1,1 104,-1,1
185,1,1 m] 101,-1,1 47,-1,1 101,1,1 47,1,1 155,1,1 101,1,1 182,-1,1 101,-1,1
m[ 185,-1,1 182,-1,1 101,-1,1 182,1,1 155,1,1 182,-1,1 101,-1,1 182,1,1 101,1,1
182,1,1 155,-1,1 182,-1,1 182,-1,1 101,1,1 182,1,1 101,1,1 185,-1,1 104,-1,1 185,-1,1
104,1,1 185,1,1 101,1,1 185,1,1 101,-1,1 185,-1,1 104,-1,1 185,-1,1 104,1,1 185,1,1
104,-1,1 185,1,1 104,1,1 185,1,1 101,1,1 185,-1,1 101,-1,1 185,-1,1 185,-1,1 104,-1,1
185,1,1 104,1,1 185,1,1 104,-1,1 185,1,1 104,1,1 185,1,1 104,1,1 185,1,1 104,-1,1
185,-1,1 106,-1,1 185,-1,1 106,1,1 185,1,1 104,1,1 185,1,1 104,-1,1 185,-1,1 104,1,1
185,-1,1 104,-1,1 185,-1,1 106,-1,1 185,1,1 106,1,1 185,1,1 185,1,1 104,1,1 185,-1,1
104,-1,1 185,-1,1 104,1,1 185,-1,1 104,-1,1 185,1,1 m] 101,1,1 182,1,1 101,-1,1
155,-1,1 105,-1,1 25,1,1 105,1,1 159,-1,1 m[ 185,-1,1 182,-1,1 101,-1,1 182,1,1
155,1,1 182,-1,1 101,-1,1 182,1,1 101,1,1 182,1,1 155,-1,1 182,-1,1 182,-1,1 101,1,1
182,1,1 101,1,1 185,-1,1 104,-1,1 185,-1,1 104,1,1 185,1,1 101,1,1 185,1,1 101,-1,1
185,-1,1 104,-1,1 185,-1,1 104,1,1 185,1,1 104,-1,1 185,1,1 104,1,1 185,1,1 101,1,1
185,-1,1 101,-1,1 185,-1,1 185,-1,1 104,-1,1 185,1,1 104,1,1 185,1,1 104,-1,1 185,1,1
104,1,1 185,1,1 104,1,1 185,1,1 104,-1,1 185,-1,1 106,-1,1 185,-1,1 106,1,1 185,1,1
104,1,1 185,1,1 104,-1,1 185,-1,1 104,1,1 185,-1,1 104,-1,1 185,-1,1 106,-1,1 185,1,1
106,1,1 185,1,1 185,1,1 104,1,1 185,-1,1 104,-1,1 185,-1,1 104,1,1 185,-1,1 104,-1,1
185,1,1 m] 159,1,1 105,-1,1 25,-1,1 105,1,1 159,-1,1 m[ 185,-1,1 182,-1,1
101,-1,1 182,1,1 155,1,1 182,-1,1 101,-1,1 182,1,1 101,1,1 182,1,1 155,-1,1 182,-1,1
182,-1,1 101,1,1 182,1,1 101,1,1 185,-1,1 104,-1,1 185,-1,1 104,1,1 185,1,1 101,1,1
185,1,1 101,-1,1 185,-1,1 104,-1,1 185,-1,1 104,1,1 185,1,1 104,-1,1 185,1,1 104,1,1
185,1,1 101,1,1 185,-1,1 101,-1,1 185,-1,1 185,-1,1 104,-1,1 185,1,1 104,1,1 185,1,1
104,-1,1 185,1,1 104,1,1 185,1,1 104,1,1 185,1,1 104,-1,1 185,-1,1 106,-1,1 185,-1,1
106,1,1 185,1,1 104,1,1 185,1,1 104,-1,1 185,-1,1 104,1,1 185,-1,1 104,-1,1 185,-1,1
106,-1,1 185,1,1 106,1,1 185,1,1 185,1,1 104,1,1 185,-1,1 104,-1,1 185,-1,1 104,1,1
185,-1,1 104,-1,1 185,1,1 m] 159,1,1 185,1,1 105,-1,1 m[ 185,-1,1 182,-1,1
101,-1,1 182,1,1 155,1,1 182,-1,1 101,-1,1 182,1,1 101,1,1 182,1,1 155,-1,1 182,-1,1
182,-1,1 101,1,1 182,1,1 101,1,1 185,-1,1 104,-1,1 185,-1,1 104,1,1 185,1,1 101,1,1
185,1,1 101,-1,1 185,-1,1 104,-1,1 185,-1,1 104,1,1 185,1,1 104,-1,1 185,1,1 104,1,1
185,1,1 101,1,1 185,-1,1 101,-1,1 185,-1,1 185,-1,1 104,-1,1 185,1,1 104,1,1 185,1,1
104,-1,1 185,1,1 104,1,1 185,1,1 104,1,1 185,1,1 104,-1,1 185,-1,1 106,-1,1 185,-1,1
106,1,1 185,1,1 104,1,1 185,1,1 104,-1,1 185,-1,1 104,1,1 185,-1,1 104,-1,1 185,-1,1
106,-1,1 185,1,1 106,1,1 185,1,1 185,1,1 104,1,1 185,-1,1 104,-1,1 185,-1,1 104,1,1
185,-1,1 104,-1,1 185,1,1 m] 105,1,1 185,-1,1 105,1,1 104,1,1 186,-1,1 104,-1,1
105,-1,1 m[ 185,-1,1 182,-1,1 101,-1,1 182,1,1 155,1,1 182,-1,1 101,-1,1 182,1,1
101,1,1 182,1,1 155,-1,1 182,-1,1 182,-1,1 101,1,1 182,1,1 101,1,1 185,-1,1 104,-1,1
185,-1,1 104,1,1 185,1,1 101,1,1 185,1,1 101,-1,1 185,-1,1 104,-1,1 185,-1,1 104,1,1
185,1,1 104,-1,1 185,1,1 104,1,1 185,1,1 101,1,1 185,-1,1 101,-1,1 185,-1,1 185,-1,1
104,-1,1 185,1,1 104,1,1 185,1,1 104,-1,1 185,1,1 104,1,1 185,1,1 104,1,1 185,1,1
104,-1,1 185,-1,1 106,-1,1 185,-1,1 106,1,1 185,1,1 104,1,1 185,1,1 104,-1,1 185,-1,1
104,1,1 185,-1,1 104,-1,1 185,-1,1 106,-1,1 185,1,1 106,1,1 185,1,1 185,1,1 104,1,1
185,-1,1 104,-1,1 185,-1,1 104,1,1 185,-1,1 104,-1,1 185,1,1 m] 105,1,1 104,1,1
186,1,1 104,-1,1 105,-1,1 74,1,1 105,1,1 105,1,1 m[ 185,-1,1 182,-1,1 101,-1,1
182,1,1 155,1,1 182,-1,1 101,-1,1 182,1,1 101,1,1 182,1,1 155,-1,1 182,-1,1 182,-1,1
101,1,1 182,1,1 101,1,1 185,-1,1 104,-1,1 185,-1,1 104,1,1 185,1,1 101,1,1 185,1,1
101,-1,1 185,-1,1 104,-1,1 185,-1,1 104,1,1 185,1,1 104,-1,1 185,1,1 104,1,1 185,1,1
101,1,1 185,-1,1 101,-1,1 185,-1,1 185,-1,1 104,-1,1 185,1,1 104,1,1 185,1,1 104,-1,1
185,1,1 104,1,1 185,1,1 104,1,1 185,1,1 104,-1,1 185,-1,1 106,-1,1 185,-1,1 106,1,1
185,1,1 104,1,1 185,1,1 104,-1,1 185,-1,1 104,1,1 185,-1,1 104,-1,1 185,-1,1 106,-1,1
185,1,1 106,1,1 185,1,1 185,1,1 104,1,1 185,-1,1 104,-1,1 185,-1,1 104,1,1 185,-1,1
104,-1,1 185,1,1 m] 105,-1,1 105,-1,1 74,-1,1 159,1,1 m[ 185,-1,1 182,-1,1
101,-1,1 182,1,1 155,1,1 182,-1,1 101,-1,1 182,1,1 101,1,1 182,1,1 155,-1,1 182,-1,1
182,-1,1 101,1,1 182,1,1 101,1,1 185,-1,1 104,-1,1 185,-1,1 104,1,1 185,1,1 101,1,1
185,1,1 101,-1,1 185,-1,1 104,-1,1 185,-1,1 104,1,1 185,1,1 104,-1,1 185,1,1 104,1,1
185,1,1 101,1,1 185,-1,1 101,-1,1 185,-1,1 185,-1,1 104,-1,1 185,1,1 104,1,1 185,1,1
104,-1,1 185,1,1 104,1,1 185,1,1 104,1,1 185,1,1 104,-1,1 185,-1,1 106,-1,1 185,-1,1
106,1,1 185,1,1 104,1,1 185,1,1 104,-1,1 185,-1,1 104,1,1 185,-1,1 104,-1,1 185,-1,1
106,-1,1 185,1,1 106,1,1 185,1,1 185,1,1 104,1,1 185,-1,1 104,-1,1 185,-1,1 104,1,1
185,-1,1 104,-1,1 185,1,1 m] 159,-1,1 105,-1,1 25,-1,1 105,1,1 m[ 185,-1,1
182,-1,1 101,-1,1 182,1,1 155,1,1 182,-1,1 101,-1,1 182,1,1 101,1,1 182,1,1 155,-1,1
182,-1,1 182,-1,1 101,1,1 182,1,1 101,1,1 185,-1,1 104,-1,1 185,-1,1 104,1,1 185,1,1
101,1,1 185,1,1 101,-1,1 185,-1,1 104,-1,1 185,-1,1 104,1,1 185,1,1 104,-1,1 185,1,1
104,1,1 185,1,1 101,1,1 185,-1,1 101,-1,1 185,-1,1 185,-1,1 104,-1,1 185,1,1 104,1,1
185,1,1 104,-1,1 185,1,1 104,1,1 185,1,1 104,1,1 185,1,1 104,-1,1 185,-1,1 106,-1,1
185,-1,1 106,1,1 185,1,1 104,1,1 185,1,1 104,-1,1 185,-1,1 104,1,1 185,-1,1 104,-1,1
185,-1,1 106,-1,1 185,1,1 106,1,1 185,1,1 185,1,1 104,1,1 185,-1,1 104,-1,1 185,-1,1
104,1,1 185,-1,1 104,-1,1 185,1,1 m] 105,-1,1 25,1,1 105,1,1 78,-1,1 105,1,1
105,1,1 m[ 185,-1,1 182,-1,1 101,-1,1 182,1,1 155,1,1 182,-1,1 101,-1,1 182,1,1
101,1,1 182,1,1 155,-1,1 182,-1,1 182,-1,1 101,1,1 182,1,1 101,1,1 185,-1,1 104,-1,1
185,-1,1 104,1,1 185,1,1 101,1,1 185,1,1 101,-1,1 185,-1,1 104,-1,1 185,-1,1 104,1,1
185,1,1 104,-1,1 185,1,1 104,1,1 185,1,1 101,1,1 185,-1,1 101,-1,1 185,-1,1 185,-1,1
104,-1,1 185,1,1 104,1,1 185,1,1 104,-1,1 185,1,1 104,1,1 185,1,1 104,1,1 185,1,1
104,-1,1 185,-1,1 106,-1,1 185,-1,1 106,1,1 185,1,1 104,1,1 185,1,1 104,-1,1 185,-1,1
104,1,1 185,-1,1 104,-1,1 185,-1,1 106,-1,1 185,1,1 106,1,1 185,1,1 185,1,1 104,1,1
185,-1,1 104,-1,1 185,-1,1 104,1,1 185,-1,1 104,-1,1 185,1,1 m] 105,-1,1 105,-1,1
78,1,1 105,1,1 214,-1,1 214,-1,1 105,-1,1 m[ 185,-1,1 182,-1,1 101,-1,1 182,1,1
155,1,1 182,-1,1 101,-1,1 182,1,1 101,1,1 182,1,1 155,-1,1 182,-1,1 182,-1,1 101,1,1
182,1,1 101,1,1 185,-1,1 104,-1,1 185,-1,1 104,1,1 185,1,1 101,1,1 185,1,1 101,-1,1
185,-1,1 104,-1,1 185,-1,1 104,1,1 185,1,1 104,-1,1 185,1,1 104,1,1 185,1,1 101,1,1
185,-1,1 101,-1,1 185,-1,1 185,-1,1 104,-1,1 185,1,1 104,1,1 185,1,1 104,-1,1 185,1,1
104,1,1 185,1,1 104,1,1 185,1,1 104,-1,1 185,-1,1 106,-1,1 185,-1,1 106,1,1 185,1,1
104,1,1 185,1,1 104,-1,1 185,-1,1 104,1,1 185,-1,1 104,-1,1 185,-1,1 106,-1,1 185,1,1
106,1,1 185,1,1 185,1,1 104,1,1 185,-1,1 104,-1,1 185,-1,1 104,1,1 185,-1,1 104,-1,1
185,1,1 m] 105,1,1 214,1,1 214,1,1 105,-1,1 47,1,1 155,-1,1 m[ 185,-1,1
182,-1,1 101,-1,1 182,1,1 155,1,1 182,-1,1 101,-1,1 182,1,1 101,1,1 182,1,1 155,-1,1
182,-1,1 182,-1,1 101,1,1 182,1,1 101,1,1 185,-1,1 104,-1,1 185,-1,1 104,1,1 185,1,1
101,1,1 185,1,1 101,-1,1 185,-1,1 104,-1,1 185,-1,1 104,1,1 185,1,1 104,-1,1 185,1,1
104,1,1 185,1,1 101,1,1 185,-1,1 101,-1,1 185,-1,1 185,-1,1 104,-1,1 185,1,1 104,1,1
185,1,1 104,-1,1 185,1,1 104,1,1 185,1,1 104,1,1 185,1,1 104,-1,1 185,-1,1 106,-1,1
185,-1,1 106,1,1 185,1,1 104,1,1 185,1,1 104,-1,1 185,-1,1 104,1,1 185,-1,1 104,-1,1
185,-1,1 106,-1,1 185,1,1 106,1,1 185,1,1 185,1,1 104,1,1 185,-1,1 104,-1,1 185,-1,1
104,1,1 185,-1,1 104,-1,1 185,1,1 m] 155,1,1 47,-1,1 185,-1,1 25,-1,1 105,1,1
159,-1,1 m[ 185,-1,1 182,-1,1 101,-1,1 182,1,1 155,1,1 182,-1,1 101,-1,1 182,1,1
101,1,1 182,1,1 155,-1,1 182,-1,1 182,-1,1 101,1,1 182,1,1 101,1,1 185,-1,1 104,-1,1
185,-1,1 104,1,1 185,1,1 101,1,1 185,1,1 101,-1,1 185,-1,1 104,-1,1 185,-1,1 104,1,1
185,1,1 104,-1,1 185,1,1 104,1,1 185,1,1 101,1,1 185,-1,1 101,-1,1 185,-1,1 185,-1,1
104,-1,1 185,1,1 104,1,1 185,1,1 104,-1,1 185,1,1 104,1,1 185,1,1 104,1,1 185,1,1
104,-1,1 185,-1,1 106,-1,1 185,-1,1 106,1,1 185,1,1 104,1,1 185,1,1 104,-1,1 185,-1,1
104,1,1 185,-1,1 104,-1,1 185,-1,1 106,-1,1 185,1,1 106,1,1 185,1,1 185,1,1 104,1,1
185,-1,1 104,-1,1 185,-1,1 104,1,1 185,-1,1 104,-1,1 185,1,1 m] 159,1,1 105,-1,1
25,1,1 185,1,1 101,1,1 182,1,1 101,-1,1 m[ 185,-1,1 182,-1,1 101,-1,1 182,1,1
155,1,1 182,-1,1 101,-1,1 182,1,1 101,1,1 182,1,1 155,-1,1 182,-1,1 182,-1,1 101,1,1
182,1,1 101,1,1 185,-1,1 104,-1,1 185,-1,1 104,1,1 185,1,1 101,1,1 185,1,1 101,-1,1
185,-1,1 104,-1,1 185,-1,1 104,1,1 185,1,1 104,-1,1 185,1,1 104,1,1 185,1,1 101,1,1
185,-1,1 101,-1,1 185,-1,1 185,-1,1 104,-1,1 185,1,1 104,1,1 185,1,1 104,-1,1 185,1,1
104,1,1 185,1,1 104,1,1 185,1,1 104,-1,1 185,-1,1 106,-1,1 185,-1,1 106,1,1 185,1,1
104,1,1 185,1,1 104,-1,1 185,-1,1 104,1,1 185,-1,1 104,-1,1 185,-1,1 106,-1,1 185,1,1
106,1,1 185,1,1 185,1,1 104,1,1 185,-1,1 104,-1,1 185,-1,1 104,1,1 185,-1,1 104,-1,1
185,1,1 m] 101,1,1 182,-1,1 101,-1,1 105,1,1 105,1,1 m[ 185,-1,1 182,-1,1
101,-1,1 182,1,1 155,1,1 182,-1,1 101,-1,1 182,1,1 101,1,1 182,1,1 155,-1,1 182,-1,1
182,-1,1 101,1,1 182,1,1 101,1,1 185,-1,1 104,-1,1 185,-1,1 104,1,1 185,1,1 101,1,1
185,1,1 101,-1,1 185,-1,1 104,-1,1 185,-1,1 104,1,1 185,1,1 104,-1,1 185,1,1 104,1,1
185,1,1 101,1,1 185,-1,1 101,-1,1 185,-1,1 185,-1,1 104,-1,1 185,1,1 104,1,1 185,1,1
104,-1,1 185,1,1 104,1,1 185,1,1 104,1,1 185,1,1 104,-1,1 185,-1,1 106,-1,1 185,-1,1
106,1,1 185,1,1 104,1,1 185,1,1 104,-1,1 185,-1,1 104,1,1 185,-1,1 104,-1,1 185,-1,1
106,-1,1 185,1,1 106,1,1 185,1,1 185,1,1 104,1,1 185,-1,1 104,-1,1 185,-1,1 104,1,1
185,-1,1 104,-1,1 185,1,1 m] 105,-1,1 105,-1,1 23,-1,1 159,-1,1 m[ 24,-1,1
104,1,1 24,1,1 157,-1,2 214,-1,2 79,1,1 214,1,2 157,1,2 24,-1,1 157,-1,2 214,-1,2
79,-1,1 214,1,2 157,1,2 104,-1,1 24,1,1 159,-1,1 105,1,1 214,-1,1 160,-1,1 106,1,1
211,-1,2 78,-1,2 21,1,1 78,1,2 211,1,2 160,1,1 211,-1,2 78,-1,2 21,-1,1 78,1,2
211,1,2 160,-1,1 106,-1,1 160,1,1 214,1,1 105,-1,1 159,1,1 m] 159,1,1 23,1,1
23,1,1 159,-1,1 m[ 24,-1,1 104,1,1 24,1,1 157,-1,2 214,-1,2 79,1,1 214,1,2
157,1,2 24,-1,1 157,-1,2 214,-1,2 79,-1,1 214,1,2 157,1,2 104,-1,1 24,1,1 159,-1,1
105,1,1 214,-1,1 160,-1,1 106,1,1 211,-1,2 78,-1,2 21,1,1 78,1,2 211,1,2 160,1,1
211,-1,2 78,-1,2 21,-1,1 78,1,2 211,1,2 160,-1,1 106,-1,1 160,1,1 214,1,1 105,-1,1
159,1,1 m] 159,1,1 23,-1,1 105,1,1 105,1,1 m[ 185,-1,1 182,-1,1 101,-1,1
182,1,1 155,1,1 182,-1,1 101,-1,1 182,1,1 101,1,1 182,1,1 155,-1,1 182,-1,1 182,-1,1
101,1,1 182,1,1 101,1,1 185,-1,1 104,-1,1 185,-1,1 104,1,1 185,1,1 101,1,1 185,1,1
101,-1,1 185,-1,1 104,-1,1 185,-1,1 104,1,1 185,1,1 104,-1,1 185,1,1 104,1,1 185,1,1
101,1,1 185,-1,1 101,-1,1 185,-1,1 185,-1,1 104,-1,1 185,1,1 104,1,1 185,1,1 104,-1,1
185,1,1 104,1,1 185,1,1 104,1,1 185,1,1 104,-1,1 185,-1,1 106,-1,1 185,-1,1 106,1,1
185,1,1 104,1,1 185,1,1 104,-1,1 185,-1,1 104,1,1 185,-1,1 104,-1,1 185,-1,1 106,-1,1
185,1,1 106,1,1 185,1,1 185,1,1 104,1,1 185,-1,1 104,-1,1 185,-1,1 104,1,1 185,-1,1
104,-1,1 185,1,1 m] 105,-1,1 105,-1,1 24,1,1 24,1,1 23,-1,1 158,-1,1 m[
187,-1,1 106,-1,1 187,1,1 79,1,1 187,-1,1 106,-1,1 187,1,1 106,1,1 187,1,1 79,-1,1
187,-1,1 187,-1,1 106,1,1 187,1,1 106,1,1 185,-1,1 103,-1,1 185,-1,1 103,1,1 185,1,1
106,1,1 185,1,1 106,-1,1 185,-1,1 103,-1,1 185,-1,1 103,1,1 185,1,1 103,-1,1 185,1,1
103,1,1 185,1,1 106,1,1 185,-1,1 106,-1,1 185,-1,1 185,-1,1 103,-1,1 185,1,1 103,1,1
185,1,1 103,-1,1 185,1,1 103,1,1 185,1,1 103,1,1 185,1,1 103,-1,1 185,-1,1 101,-1,1
185,-1,1 101,1,1 185,1,1 103,1,1 185,1,1 103,-1,1 185,-1,1 103,1,1 185,-1,1 103,-1,1
185,-1,1 101,-1,1 185,1,1 101,1,1 185,1,1 185,1,1 103,1,1 185,-1,1 103,-1,1 185,-1,1
103,1,1 185,-1,1 103,-1,1 m] 158,1,1 23,1,1 24,-1,1 24,-1,1 m[ 187,-1,1
106,-1,1 187,1,1 79,1,1 187,-1,1 106,-1,1 187,1,1 106,1,1 187,1,1 79,-1,1 187,-1,1
187,-1,1 106,1,1 187,1,1 106,1,1 185,-1,1 103,-1,1 185,-1,1 103,1,1 185,1,1 106,1,1
185,1,1 106,-1,1 185,-1,1 103,-1,1 185,-1,1 103,1,1 185,1,1 103,-1,1 185,1,1 103,1,1
185,1,1 106,1,1 185,-1,1 106,-1,1 185,-1,1 185,-1,1 103,-1,1 185,1,1 103,1,1 185,1,1
103,-1,1 185,1,1 103,1,1 185,1,1 103,1,1 185,1,1 103,-1,1 185,-1,1 101,-1,1 185,-1,1
101,1,1 185,1,1 103,1,1 185,1,1 103,-1,1 185,-1,1 103,1,1 185,-1,1 103,-1,1 185,-1,1
101,-1,1 185,1,1 101,1,1 185,1,1 185,1,1 103,1,1 185,-1,1 103,-1,1 185,-1,1 103,1,1
185,-1,1 103,-1,1 76,1,1 23,-1,1 23,-1,1 182,-1,2 23,1,1 36,-1,1 23,-1,1 182,1,2
23,1,1 185,-1,1 23,-1,1 182,-1,2 23,1,1 36,1,1 23,-1,1 182,1,2 23,1,1 185,1,1
23,1,1 76,-1,1 m] 47,-1,1 49,1,1 49,1,1 158,-1,1 158,-1,1 m[ 187,-1,1
106,-1,1 187,1,1 79,1,1 187,-1,1 106,-1,1 187,1,1 106,1,1 187,1,1 79,-1,1 187,-1,1
187,-1,1 106,1,1 187,1,1 106,1,1 185,-1,1 103,-1,1 185,-1,1 103,1,1 185,1,1 106,1,1
185,1,1 106,-1,1 185,-1,1 103,-1,1 185,-1,1 103,1,1 185,1,1 103,-1,1 185,1,1 103,1,1
185,1,1 106,1,1 185,-1,1 106,-1,1 185,-1,1 185,-1,1 103,-1,1 185,1,1 103,1,1 185,1,1
103,-1,1 185,1,1 103,1,1 185,1,1 103,1,1 185,1,1 103,-1,1 185,-1,1 101,-1,1 185,-1,1
101,1,1 185,1,1 103,1,1 185,1,1 103,-1,1 185,-1,1 103,1,1 185,-1,1 103,-1,1 185,-1,1
101,-1,1 185,1,1 101,1,1 185,1,1 185,1,1 103,1,1 185,-1,1 103,-1,1 185,-1,1 103,1,1
185,-1,1 103,-1,1 76,1,1 23,-1,1 23,-1,1 182,-1,2 23,1,1 36,-1,1 23,-1,1 182,1,2
23,1,1 185,-1,1 23,-1,1 182,-1,2 23,1,1 36,1,1 23,-1,1 182,1,2 23,1,1 185,1,1
23,1,1 76,-1,1 m] 158,1,1 158,1,1 49,-1,1 49,-1,1 47,1,1 25,1,1 25,1,1
159,-1,1 m[ 187,-1,1 106,-1,1 187,1,1 79,1,1 187,-1,1 106,-1,1 187,1,1 106,1,1
187,1,1 79,-1,1 187,-1,1 187,-1,1 106,1,1 187,1,1 106,1,1 185,-1,1 103,-1,1 185,-1,1
103,1,1 185,1,1 106,1,1 185,1,1 106,-1,1 185,-1,1 103,-1,1 185,-1,1 103,1,1 185,1,1
103,-1,1 185,1,1 103,1,1 185,1,1 106,1,1 185,-1,1 106,-1,1 185,-1,1 185,-1,1 103,-1,1
185,1,1 103,1,1 185,1,1 103,-1,1 185,1,1 103,1,1 185,1,1 103,1,1 185,1,1 103,-1,1
185,-1,1 101,-1,1 185,-1,1 101,1,1 185,1,1 103,1,1 185,1,1 103,-1,1 185,-1,1 103,1,1
185,-1,1 103,-1,1 185,-1,1 101,-1,1 185,1,1 101,1,1 185,1,1 185,1,1 103,1,1 185,-1,1
103,-1,1 185,-1,1 103,1,1 185,-1,1 103,-1,1 76,1,1 23,-1,1 23,-1,1 182,-1,2 23,1,1
36,-1,1 23,-1,1 182,1,2 23,1,1 185,-1,1 23,-1,1 182,-1,2 23,1,1 36,1,1 23,-1,1
182,1,2 23,1,1 185,1,1 23,1,1 76,-1,1 m] 159,1,1 25,-1,1 25,-1,1 49,-1,1
158,-1,1 158,-1,1 m[ 187,-1,1 106,-1,1 187,1,1 79,1,1 187,-1,1 106,-1,1 187,1,1
106,1,1 187,1,1 79,-1,1 187,-1,1 187,-1,1 106,1,1 187,1,1 106,1,1 185,-1,1 103,-1,1
185,-1,1 103,1,1 185,1,1 106,1,1 185,1,1 106,-1,1 185,-1,1 103,-1,1 185,-1,1 103,1,1
185,1,1 103,-1,1 185,1,1 103,1,1 185,1,1 106,1,1 185,-1,1 106,-1,1 185,-1,1 185,-1,1
103,-1,1 185,1,1 103,1,1 185,1,1 103,-1,1 185,1,1 103,1,1 185,1,1 103,1,1 185,1,1
103,-1,1 185,-1,1 101,-1,1 185,-1,1 101,1,1 185,1,1 103,1,1 185,1,1 103,-1,1 185,-1,1
103,1,1 185,-1,1 103,-1,1 185,-1,1 101,-1,1 185,1,1 101,1,1 185,1,1 185,1,1 103,1,1
185,-1,1 103,-1,1 185,-1,1 103,1,1 185,-1,1 103,-1,1 m] 158,1,1 158,1,1 49,1,1
158,-1,1 m[ 187,-1,1 106,-1,1 187,1,1 79,1,1 187,-1,1 106,-1,1 187,1,1 106,1,1
187,1,1 79,-1,1 187,-1,1 187,-1,1 106,1,1 187,1,1 106,1,1 185,-1,1 103,-1,1 185,-1,1
103,1,1 185,1,1 106,1,1 185,1,1 106,-1,1 185,-1,1 103,-1,1 185,-1,1 103,1,1 185,1,1
103,-1,1 185,1,1 103,1,1 185,1,1 106,1,1 185,-1,1 106,-1,1 185,-1,1 185,-1,1 103,-1,1
185,1,1 103,1,1 185,1,1 103,-1,1 185,1,1 103,1,1 185,1,1 103,1,1 185,1,1 103,-1,1
185,-1,1 101,-1,1 185,-1,1 101,1,1 185,1,1 103,1,1 185,1,1 103,-1,1 185,-1,1 103,1,1
185,-1,1 103,-1,1 185,-1,1 101,-1,1 185,1,1 101,1,1 185,1,1 185,1,1 103,1,1 185,-1,1
103,-1,1 185,-1,1 103,1,1 185,-1,1 103,-1,1 76,1,1 23,-1,1 23,-1,1 182,-1,2 23,1,1
36,-1,1 23,-1,1 182,1,2 23,1,1 185,-1,1 23,-1,1 182,-1,2 23,1,1 36,1,1 23,-1,1
182,1,2 23,1,1 185,1,1 23,1,1 76,-1,1 m] 158,1,1 159,-1,1 158,-1,1 m[
187,-1,1 106,-1,1 187,1,1 79,1,1 187,-1,1 106,-1,1 187,1,1 106,1,1 187,1,1 79,-1,1
187,-1,1 187,-1,1 106,1,1 187,1,1 106,1,1 185,-1,1 103,-1,1 185,-1,1 103,1,1 185,1,1
106,1,1 185,1,1 106,-1,1 185,-1,1 103,-1,1 185,-1,1 103,1,1 185,1,1 103,-1,1 185,1,1
103,1,1 185,1,1 106,1,1 185,-1,1 106,-1,1 185,-1,1 185,-1,1 103,-1,1 185,1,1 103,1,1
185,1,1 103,-1,1 185,1,1 103,1,1 185,1,1 103,1,1 185,1,1 103,-1,1 185,-1,1 101,-1,1
185,-1,1 101,1,1 185,1,1 103,1,1 185,1,1 103,-1,1 185,-1,1 103,1,1 185,-1,1 103,-1,1
185,-1,1 101,-1,1 185,1,1 101,1,1 185,1,1 185,1,1 103,1,1 185,-1,1 103,-1,1 185,-1,1
103,1,1 185,-1,1 103,-1,1 76,1,1 23,-1,1 23,-1,1 182,-1,2 23,1,1 36,-1,1 23,-1,1
182,1,2 23,1,1 185,-1,1 23,-1,1 182,-1,2 23,1,1 36,1,1 23,-1,1 182,1,2 23,1,1
185,1,1 23,1,1 76,-1,1 m] 158,1,1 159,1,1 155,-1,1 m[ 187,-1,1 106,-1,1
187,1,1 79,1,1 187,-1,1 106,-1,1 187,1,1 106,1,1 187,1,1 79,-1,1 187,-1,1 187,-1,1
106,1,1 187,1,1 106,1,1 185,-1,1 103,-1,1 185,-1,1 103,1,1 185,1,1 106,1,1 185,1,1
106,-1,1 185,-1,1 103,-1,1 185,-1,1 103,1,1 185,1,1 103,-1,1 185,1,1 103,1,1 185,1,1
106,1,1 185,-1,1 106,-1,1 185,-1,1 185,-1,1 103,-1,1 185,1,1 103,1,1 185,1,1 103,-1,1
185,1,1 103,1,1 185,1,1 103,1,1 185,1,1 103,-1,1 185,-1,1 101,-1,1 185,-1,1 101,1,1
185,1,1 103,1,1 185,1,1 103,-1,1 185,-1,1 103,1,1 185,-1,1 103,-1,1 185,-1,1 101,-1,1
185,1,1 101,1,1 185,1,1 185,1,1 103,1,1 185,-1,1 103,-1,1 185,-1,1 103,1,1 185,-1,1
103,-1,1 m] 155,1,1 213,-1,1 211,-1,1 211,-1,1 158,1,1 m[ 187,-1,1 106,-1,1
187,1,1 79,1,1 187,-1,1 106,-1,1 187,1,1 106,1,1 187,1,1 79,-1,1 187,-1,1 187,-1,1
106,1,1 187,1,1 106,1,1 185,-1,1 103,-1,1 185,-1,1 103,1,1 185,1,1 106,1,1 185,1,1
106,-1,1 185,-1,1 103,-1,1 185,-1,1 103,1,1 185,1,1 103,-1,1 185,1,1 103,1,1 185,1,1
106,1,1 185,-1,1 106,-1,1 185,-1,1 185,-1,1 103,-1,1 185,1,1 103,1,1 185,1,1 103,-1,1
185,1,1 103,1,1 185,1,1 103,1,1 185,1,1 103,-1,1 185,-1,1 101,-1,1 185,-1,1 101,1,1
185,1,1 103,1,1 185,1,1 103,-1,1 185,-1,1 103,1,1 185,-1,1 103,-1,1 185,-1,1 101,-1,1
185,1,1 101,1,1 185,1,1 185,1,1 103,1,1 185,-1,1 103,-1,1 185,-1,1 103,1,1 185,-1,1
103,-1,1 m] 158,-1,1 211,1,1 211,1,1 213,1,1 23,-1,1 158,-1,1 m[ 187,-1,1
106,-1,1 187,1,1 79,1,1 187,-1,1 106,-1,1 187,1,1 106,1,1 187,1,1 79,-1,1 187,-1,1
187,-1,1 106,1,1 187,1,1 106,1,1 185,-1,1 103,-1,1 185,-1,1 103,1,1 185,1,1 106,1,1
185,1,1 106,-1,1 185,-1,1 103,-1,1 185,-1,1 103,1,1 185,1,1 103,-1,1 185,1,1 103,1,1
185,1,1 106,1,1 185,-1,1 106,-1,1 185,-1,1 185,-1,1 103,-1,1 185,1,1 103,1,1 185,1,1
103,-1,1 185,1,1 103,1,1 185,1,1 103,1,1 185,1,1 103,-1,1 185,-1,1 101,-1,1 185,-1,1
101,1,1 185,1,1 103,1,1 185,1,1 103,-1,1 185,-1,1 103,1,1 185,-1,1 103,-1,1 185,-1,1
101,-1,1 185,1,1 101,1,1 185,1,1 185,1,1 103,1,1 185,-1,1 103,-1,1 185,-1,1 103,1,1
185,-1,1 103,-1,1 m] 158,1,1 23,1,1 213,1,1 211,-1,1 158,1,1 m[ 187,-1,1
106,-1,1 187,1,1 79,1,1 187,-1,1 106,-1,1 187,1,1 106,1,1 187,1,1 79,-1,1 187,-1,1
187,-1,1 106,1,1 187,1,1 106,1,1 185,-1,1 103,-1,1 185,-1,1 103,1,1 185,1,1 106,1,1
185,1,1 106,-1,1 185,-1,1 103,-1,1 185,-1,1 103,1,1 185,1,1 103,-1,1 185,1,1 103,1,1
185,1,1 106,1,1 185,-1,1 106,-1,1 185,-1,1 185,-1,1 103,-1,1 185,1,1 103,1,1 185,1,1
103,-1,1 185,1,1 103,1,1 185,1,1 103,1,1 185,1,1 103,-1,1 185,-1,1 101,-1,1 185,-1,1
101,1,1 185,1,1 103,1,1 185,1,1 103,-1,1 185,-1,1 103,1,1 185,-1,1 103,-1,1 185,-1,1
101,-1,1 185,1,1 101,1,1 185,1,1 185,1,1 103,1,1 185,-1,1 103,-1,1 185,-1,1 103,1,1
185,-1,1 103,-1,1 76,1,1 23,-1,1 23,-1,1 182,-1,2 23,1,1 36,-1,1 23,-1,1 182,1,2
23,1,1 185,-1,1 23,-1,1 182,-1,2 23,1,1 36,1,1 23,-1,1 182,1,2 23,1,1 185,1,1
23,1,1 76,-1,1 m] 158,-1,1 211,1,1 213,-1,1 159,1,1 158,-1,1 m[ 187,-1,1
106,-1,1 187,1,1 79,1,1 187,-1,1 106,-1,1 187,1,1 106,1,1 187,1,1 79,-1,1 187,-1,1
187,-1,1 106,1,1 187,1,1 106,1,1 185,-1,1 103,-1,1 185,-1,1 103,1,1 185,1,1 106,1,1
185,1,1 106,-1,1 185,-1,1 103,-1,1 185,-1,1 103,1,1 185,1,1 103,-1,1 185,1,1 103,1,1
185,1,1 106,1,1 185,-1,1 106,-1,1 185,-1,1 185,-1,1 103,-1,1 185,1,1 103,1,1 185,1,1
103,-1,1 185,1,1 103,1,1 185,1,1 103,1,1 185,1,1 103,-1,1 185,-1,1 101,-1,1 185,-1,1
101,1,1 185,1,1 103,1,1 185,1,1 103,-1,1 185,-1,1 103,1,1 185,-1,1 103,-1,1 185,-1,1
101,-1,1 185,1,1 101,1,1 185,1,1 185,1,1 103,1,1 185,-1,1 103,-1,1 185,-1,1 103,1,1
185,-1,1 103,-1,1 76,1,1 23,-1,1 23,-1,1 182,-1,2 23,1,1 36,-1,1 23,-1,1 182,1,2
23,1,1 185,-1,1 23,-1,1 182,-1,2 23,1,1 36,1,1 23,-1,1 182,1,2 23,1,1 185,1,1
23,1,1 76,-1,1 m] 158,1,1 159,-1,1 155,1,1 158,1,1 m[ 187,-1,1 106,-1,1
187,1,1 79,1,1 187,-1,1 106,-1,1 187,1,1 106,1,1 187,1,1 79,-1,1 187,-1,1 187,-1,1
106,1,1 187,1,1 106,1,1 185,-1,1 103,-1,1 185,-1,1 103,1,1 185,1,1 106,1,1 185,1,1
106,-1,1 185,-1,1 103,-1,1 185,-1,1 103,1,1 185,1,1 103,-1,1 185,1,1 103,1,1 185,1,1
106,1,1 185,-1,1 106,-1,1 185,-1,1 185,-1,1 103,-1,1 185,1,1 103,1,1 185,1,1 103,-1,1
185,1,1 103,1,1 185,1,1 103,1,1 185,1,1 103,-1,1 185,-1,1 101,-1,1 185,-1,1 101,1,1
185,1,1 103,1,1 185,1,1 103,-1,1 185,-1,1 103,1,1 185,-1,1 103,-1,1 185,-1,1 101,-1,1
185,1,1 101,1,1 185,1,1 185,1,1 103,1,1 185,-1,1 103,-1,1 185,-1,1 103,1,1 185,-1,1
103,-1,1 76,1,1 23,-1,1 23,-1,1 182,-1,2 23,1,1 36,-1,1 23,-1,1 182,1,2 23,1,1
185,-1,1 23,-1,1 182,-1,2 23,1,1 36,1,1 23,-1,1 182,1,2 23,1,1 185,1,1 23,1,1
76,-1,1 m] 158,-1,1 155,-1,1 159,-1,1 m[ 187,-1,1 106,-1,1 187,1,1 79,1,1
187,-1,1 106,-1,1 187,1,1 106,1,1 187,1,1 79,-1,1 187,-1,1 187,-1,1 106,1,1 187,1,1
106,1,1 185,-1,1 103,-1,1 185,-1,1 103,1,1 185,1,1 106,1,1 185,1,1 106,-1,1 185,-1,1
103,-1,1 185,-1,1 103,1,1 185,1,1 103,-1,1 185,1,1 103,1,1 185,1,1 106,1,1 185,-1,1
106,-1,1 185,-1,1 185,-1,1 103,-1,1 185,1,1 103,1,1 185,1,1 103,-1,1 185,1,1 103,1,1
185,1,1 103,1,1 185,1,1 103,-1,1 185,-1,1 101,-1,1 185,-1,1 101,1,1 185,1,1 103,1,1
185,1,1 103,-1,1 185,-1,1 103,1,1 185,-1,1 103,-1,1 185,-1,1 101,-1,1 185,1,1 101,1,1
185,1,1 185,1,1 103,1,1 185,-1,1 103,-1,1 185,-1,1 103,1,1 185,-1,1 103,-1,1 m]
159,1,1 m[ 187,-1,1 106,-1,1 187,1,1 79,1,1 187,-1,1 106,-1,1 187,1,1 106,1,1
187,1,1 79,-1,1 187,-1,1 187,-1,1 106,1,1 187,1,1 106,1,1 185,-1,1 103,-1,1 185,-1,1
103,1,1 185,1,1 106,1,1 185,1,1 106,-1,1 185,-1,1 103,-1,1 185,-1,1 103,1,1 185,1,1
103,-1,1 185,1,1 103,1,1 185,1,1 106,1,1 185,-1,1 106,-1,1 185,-1,1 185,-1,1 103,-1,1
185,1,1 103,1,1 185,1,1 103,-1,1 185,1,1 103,1,1 185,1,1 103,1,1 185,1,1 103,-1,1
185,-1,1 101,-1,1 185,-1,1 101,1,1 185,1,1 103,1,1 185,1,1 103,-1,1 185,-1,1 103,1,1
185,-1,1 103,-1,1 185,-1,1 101,-1,1 185,1,1 101,1,1 185,1,1 185,1,1 103,1,1 185,-1,1
103,-1,1 185,-1,1 103,1,1 185,-1,1 103,-1,1 m] 159,1,1 158,1,1 m[ 187,-1,1
106,-1,1 187,1,1 79,1,1 187,-1,1 106,-1,1 187,1,1 106,1,1 187,1,1 79,-1,1 187,-1,1
187,-1,1 106,1,1 187,1,1 106,1,1 185,-1,1 103,-1,1 185,-1,1 103,1,1 185,1,1 106,1,1
185,1,1 106,-1,1 185,-1,1 103,-1,1 185,-1,1 103,1,1 185,1,1 103,-1,1 185,1,1 103,1,1
185,1,1 106,1,1 185,-1,1 106,-1,1 185,-1,1 185,-1,1 103,-1,1 185,1,1 103,1,1 185,1,1
103,-1,1 185,1,1 103,1,1 185,1,1 103,1,1 185,1,1 103,-1,1 185,-1,1 101,-1,1 185,-1,1
101,1,1 185,1,1 103,1,1 185,1,1 103,-1,1 185,-1,1 103,1,1 185,-1,1 103,-1,1 185,-1,1
101,-1,1 185,1,1 101,1,1 185,1,1 185,1,1 103,1,1 185,-1,1 103,-1,1 185,-1,1 103,1,1
185,-1,1 103,-1,1 m] 158,-1,1 159,-1,1 105,-1,1 105,-1,1 74,-1,1 105,1,1 105,1,1
m[ 187,-1,1 106,-1,1 187,1,1 79,1,1 187,-1,1 106,-1,1 187,1,1 106,1,1 187,1,1
79,-1,1 187,-1,1 187,-1,1 106,1,1 187,1,1 106,1,1 185,-1,1 103,-1,1 185,-1,1 103,1,1
185,1,1 106,1,1 185,1,1 106,-1,1 185,-1,1 103,-1,1 185,-1,1 103,1,1 185,1,1 103,-1,1
185,1,1 103,1,1 185,1,1 106,1,1 185,-1,1 106,-1,1 185,-1,1 185,-1,1 103,-1,1 185,1,1
103,1,1 185,1,1 103,-1,1 185,1,1 103,1,1 185,1,1 103,1,1 185,1,1 103,-1,1 185,-1,1
101,-1,1 185,-1,1 101,1,1 185,1,1 103,1,1 185,1,1 103,-1,1 185,-1,1 103,1,1 185,-1,1
103,-1,1 185,-1,1 101,-1,1 185,1,1 101,1,1 185,1,1 185,1,1 103,1,1 185,-1,1 103,-1,1
185,-1,1 103,1,1 185,-1,1 103,-1,1 76,1,1 23,-1,1 23,-1,1 182,-1,2 23,1,1 36,-1,1
23,-1,1 182,1,2 23,1,1 185,-1,1 23,-1,1 182,-1,2 23,1,1 36,1,1 23,-1,1 182,1,2
23,1,1 185,1,1 23,1,1 76,-1,1 m] 105,-1,1 105,-1,1 74,1,1 105,1,1 105,1,1
49,1,1 158,-1,1 158,-1,1 m[ 187,-1,1 106,-1,1 187,1,1 79,1,1 187,-1,1 106,-1,1
187,1,1 106,1,1 187,1,1 79,-1,1 187,-1,1 187,-1,1 106,1,1 187,1,1 106,1,1 185,-1,1
103,-1,1 185,-1,1 103,1,1 185,1,1 106,1,1 185,1,1 106,-1,1 185,-1,1 103,-1,1 185,-1,1
103,1,1 185,1,1 103,-1,1 185,1,1 103,1,1 185,1,1 106,1,1 185,-1,1 106,-1,1 185,-1,1
185,-1,1 103,-1,1 185,1,1 103,1,1 185,1,1 103,-1,1 185,1,1 103,1,1 185,1,1 103,1,1
185,1,1 103,-1,1 185,-1,1 101,-1,1 185,-1,1 101,1,1 185,1,1 103,1,1 185,1,1 103,-1,1
185,-1,1 103,1,1 185,-1,1 103,-1,1 185,-1,1 101,-1,1 185,1,1 101,1,1 185,1,1 185,1,1
103,1,1 185,-1,1 103,-1,1 185,-1,1 103,1,1 185,-1,1 103,-1,1 76,1,1 23,-1,1 23,-1,1
182,-1,2 23,1,1 36,-1,1 23,-1,1 182,1,2 23,1,1 185,-1,1 23,-1,1 182,-1,2 23,1,1
36,1,1 23,-1,1 182,1,2 23,1,1 185,1,1 23,1,1 76,-1,1 m] 158,1,1 158,1,1
49,-1,1 214,1,1 159,1,1 m[ 187,-1,1 106,-1,1 187,1,1 79,1,1 187,-1,1 106,-1,1
187,1,1 106,1,1 187,1,1 79,-1,1 187,-1,1 187,-1,1 106,1,1 187,1,1 106,1,1 185,-1,1
103,-1,1 185,-1,1 103,1,1 185,1,1 106,1,1 185,1,1 106,-1,1 185,-1,1 103,-1,1 185,-1,1
103,1,1 185,1,1 103,-1,1 185,1,1 103,1,1 185,1,1 106,1,1 185,-1,1 106,-1,1 185,-1,1
185,-1,1 103,-1,1 185,1,1 103,1,1 185,1,1 103,-1,1 185,1,1 103,1,1 185,1,1 103,1,1
185,1,1 103,-1,1 185,-1,1 101,-1,1 185,-1,1 101,1,1 185,1,1 103,1,1 185,1,1 103,-1,1
185,-1,1 103,1,1 185,-1,1 103,-1,1 185,-1,1 101,-1,1 185,1,1 101,1,1 185,1,1 185,1,1
103,1,1 185,-1,1 103,-1,1 185,-1,1 103,1,1 185,-1,1 103,-1,1 76,1,1 23,-1,1 23,-1,1
182,-1,2 23,1,1 36,-1,1 23,-1,1 182,1,2 23,1,1 185,-1,1 23,-1,1 182,-1,2 23,1,1
36,1,1 23,-1,1 182,1,2 23,1,1 185,1,1 23,1,1 76,-1,1 m] 159,-1,1 214,-1,1
159,1,1 158,1,1 m[ 187,-1,1 106,-1,1 187,1,1 79,1,1 187,-1,1 106,-1,1 187,1,1
106,1,1 187,1,1 79,-1,1 187,-1,1 187,-1,1 106,1,1 187,1,1 106,1,1 185,-1,1 103,-1,1
185,-1,1 103,1,1 185,1,1 106,1,1 185,1,1 106,-1,1 185,-1,1 103,-1,1 185,-1,1 103,1,1
185,1,1 103,-1,1 185,1,1 103,1,1 185,1,1 106,1,1 185,-1,1 106,-1,1 185,-1,1 185,-1,1
103,-1,1 185,1,1 103,1,1 185,1,1 103,-1,1 185,1,1 103,1,1 185,1,1 103,1,1 185,1,1
103,-1,1 185,-1,1 101,-1,1 185,-1,1 101,1,1 185,1,1 103,1,1 185,1,1 103,-1,1 185,-1,1
103,1,1 185,-1,1 103,-1,1 185,-1,1 101,-1,1 185,1,1 101,1,1 185,1,1 185,1,1 103,1,1
185,-1,1 103,-1,1 185,-1,1 103,1,1 185,-1,1 103,-1,1 m] 158,-1,1 159,-1,1 182,-1,1
155,1,1 182,1,1 155,-1,1 m[ 187,-1,1 106,-1,1 187,1,1 79,1,1 187,-1,1 106,-1,1
187,1,1 106,1,1 187,1,1 79,-1,1 187,-1,1 187,-1,1 106,1,1 187,1,1 106,1,1 185,-1,1
103,-1,1 185,-1,1 103,1,1 185,1,1 106,1,1 185,1,1 106,-1,1 185,-1,1 103,-1,1 185,-1,1
103,1,1 185,1,1 103,-1,1 185,1,1 103,1,1 185,1,1 106,1,1 185,-1,1 106,-1,1 185,-1,1
185,-1,1 103,-1,1 185,1,1 103,1,1 185,1,1 103,-1,1 185,1,1 103,1,1 185,1,1 103,1,1
185,1,1 103,-1,1 185,-1,1 101,-1,1 185,-1,1 101,1,1 185,1,1 103,1,1 185,1,1 103,-1,1
185,-1,1 103,1,1 185,-1,1 103,-1,1 185,-1,1 101,-1,1 185,1,1 101,1,1 185,1,1 185,1,1
103,1,1 185,-1,1 103,-1,1 185,-1,1 103,1,1 185,-1,1 103,-1,1 76,1,1 23,-1,1 23,-1,1
182,-1,2 23,1,1 36,-1,1 23,-1,1 182,1,2 23,1,1 185,-1,1 23,-1,1 182,-1,2 23,1,1
36,1,1 23,-1,1 182,1,2 23,1,1 185,1,1 23,1,1 76,-1,1 m] 155,1,1 182,-1,1
155,-1,1 182,1,1 47,-1,1 158,-1,1 158,-1,1 m[ 187,-1,1 106,-1,1 187,1,1 79,1,1
187,-1,1 106,-1,1 187,1,1 106,1,1 187,1,1 79,-1,1 187,-1,1 187,-1,1 106,1,1 187,1,1
106,1,1 185,-1,1 103,-1,1 185,-1,1 103,1,1 185,1,1 106,1,1 185,1,1 106,-1,1 185,-1,1
103,-1,1 185,-1,1 103,1,1 185,1,1 103,-1,1 185,1,1 103,1,1 185,1,1 106,1,1 185,-1,1
106,-1,1 185,-1,1 185,-1,1 103,-1,1 185,1,1 103,1,1 185,1,1 103,-1,1 185,1,1 103,1,1
185,1,1 103,1,1 185,1,1 103,-1,1 185,-1,1 101,-1,1 185,-1,1 101,1,1 185,1,1 103,1,1
185,1,1 103,-1,1 185,-1,1 103,1,1 185,-1,1 103,-1,1 185,-1,1 101,-1,1 185,1,1 101,1,1
185,1,1 185,1,1 103,1,1 185,-1,1 103,-1,1 185,-1,1 103,1,1 185,-1,1 103,-1,1 76,1,1
23,-1,1 23,-1,1 182,-1,2 23,1,1 36,-1,1 23,-1,1 182,1,2 23,1,1 185,-1,1 23,-1,1
182,-1,2 23,1,1 36,1,1 23,-1,1 182,1,2 23,1,1 185,1,1 23,1,1 76,-1,1 m]
158,1,1 158,1,1 47,1,1 213,1,1 49,-1,1 158,-1,1 158,-1,1 m[ 187,-1,1 106,-1,1
187,1,1 79,1,1 187,-1,1 106,-1,1 187,1,1 106,1,1 187,1,1 79,-1,1 187,-1,1 187,-1,1
106,1,1 187,1,1 106,1,1 185,-1,1 103,-1,1 185,-1,1 103,1,1 185,1,1 106,1,1 185,1,1
106,-1,1 185,-1,1 103,-1,1 185,-1,1 103,1,1 185,1,1 103,-1,1 185,1,1 103,1,1 185,1,1
106,1,1 185,-1,1 106,-1,1 185,-1,1 185,-1,1 103,-1,1 185,1,1 103,1,1 185,1,1 103,-1,1
185,1,1 103,1,1 185,1,1 103,1,1 185,1,1 103,-1,1 185,-1,1 101,-1,1 185,-1,1 101,1,1
185,1,1 103,1,1 185,1,1 103,-1,1 185,-1,1 103,1,1 185,-1,1 103,-1,1 185,-1,1 101,-1,1
185,1,1 101,1,1 185,1,1 185,1,1 103,1,1 185,-1,1 103,-1,1 185,-1,1 103,1,1 185,-1,1
103,-1,1 m] 158,1,1 158,1,1 49,1,1 213,-1,1 24,-1,1 24,-1,1 49,1,1 158,-1,1
158,-1,1 m[ 187,-1,1 106,-1,1 187,1,1 79,1,1 187,-1,1 106,-1,1 187,1,1 106,1,1
187,1,1 79,-1,1 187,-1,1 187,-1,1 106,1,1 187,1,1 106,1,1 185,-1,1 103,-1,1 185,-1,1
103,1,1 185,1,1 106,1,1 185,1,1 106,-1,1 185,-1,1 103,-1,1 185,-1,1 103,1,1 185,1,1
103,-1,1 185,1,1 103,1,1 185,1,1 106,1,1 185,-1,1 106,-1,1 185,-1,1 185,-1,1 103,-1,1
185,1,1 103,1,1 185,1,1 103,-1,1 185,1,1 103,1,1 185,1,1 103,1,1 185,1,1 103,-1,1
185,-1,1 101,-1,1 185,-1,1 101,1,1 185,1,1 103,1,1 185,1,1 103,-1,1 185,-1,1 103,1,1
185,-1,1 103,-1,1 185,-1,1 101,-1,1 185,1,1 101,1,1 185,1,1 185,1,1 103,1,1 185,-1,1
103,-1,1 185,-1,1 103,1,1 185,-1,1 103,-1,1 76,1,1 23,-1,1 23,-1,1 182,-1,2 23,1,1
36,-1,1 23,-1,1 182,1,2 23,1,1 185,-1,1 23,-1,1 182,-1,2 23,1,1 36,1,1 23,-1,1
182,1,2 23,1,1 185,1,1 23,1,1 76,-1,1 m] m[ 76,1,1 23,-1,1 185,-1,1
23,-1,1 182,-1,2 23,1,1 36,-1,1 23,-1,1 182,1,2 23,1,1 185,1,1 23,-1,1 182,-1,2
23,1,1 36,1,1 23,-1,1 182,1,2 23,1,1 23,1,1 76,-1,1 103,1,1 185,1,1 103,-1,1
185,1,1 103,1,1 185,1,1 103,-1,1 185,-1,1 185,-1,1 101,-1,1 185,-1,1 101,1,1 185,1,1
103,1,1 185,1,1 103,-1,1 185,1,1 103,1,1 185,-1,1 103,-1,1 185,-1,1 101,-1,1 185,1,1
101,1,1 185,1,1 103,1,1 185,-1,1 103,-1,1 185,-1,1 103,-1,1 185,-1,1 103,1,1 185,-1,1
103,-1,1 185,-1,1 103,1,1 185,1,1 185,1,1 106,1,1 185,1,1 106,-1,1 185,-1,1 103,-1,1
185,-1,1 103,1,1 185,-1,1 103,-1,1 185,1,1 103,1,1 185,1,1 106,1,1 185,-1,1 106,-1,1
185,-1,1 103,-1,1 185,1,1 103,1,1 185,1,1 106,-1,1 187,-1,1 106,-1,1 187,1,1 187,1,1
79,1,1 187,-1,1 106,-1,1 187,-1,1 106,1,1 187,1,1 79,-1,1 187,-1,1 106,1,1 187,1,1
m] 158,1,1 158,1,1 49,-1,1 24,1,1 24,1,1 213,1,1 49,-1,1 158,-1,1 158,-1,1
m[ 103,1,1 185,1,1 103,-1,1 185,1,1 103,1,1 185,1,1 103,-1,1 185,-1,1 185,-1,1
101,-1,1 185,-1,1 101,1,1 185,1,1 103,1,1 185,1,1 103,-1,1 185,1,1 103,1,1 185,-1,1
103,-1,1 185,-1,1 101,-1,1 185,1,1 101,1,1 185,1,1 103,1,1 185,-1,1 103,-1,1 185,-1,1
103,-1,1 185,-1,1 103,1,1 185,-1,1 103,-1,1 185,-1,1 103,1,1 185,1,1 185,1,1 106,1,1
185,1,1 106,-1,1 185,-1,1 103,-1,1 185,-1,1 103,1,1 185,-1,1 103,-1,1 185,1,1 103,1,1
185,1,1 106,1,1 185,-1,1 106,-1,1 185,-1,1 103,-1,1 185,1,1 103,1,1 185,1,1 106,-1,1
187,-1,1 106,-1,1 187,1,1 187,1,1 79,1,1 187,-1,1 106,-1,1 187,-1,1 106,1,1 187,1,1
79,-1,1 187,-1,1 106,1,1 187,1,1 m] 158,1,1 158,1,1 49,1,1 213,-1,1 213,-1,1
49,-1,1 158,-1,1 158,-1,1 m[ 187,-1,1 106,-1,1 187,1,1 79,1,1 187,-1,1 106,-1,1
187,1,1 106,1,1 187,1,1 79,-1,1 187,-1,1 187,-1,1 106,1,1 187,1,1 106,1,1 185,-1,1
103,-1,1 185,-1,1 103,1,1 185,1,1 106,1,1 185,1,1 106,-1,1 185,-1,1 103,-1,1 185,-1,1
103,1,1 185,1,1 103,-1,1 185,1,1 103,1,1 185,1,1 106,1,1 185,-1,1 106,-1,1 185,-1,1
185,-1,1 103,-1,1 185,1,1 103,1,1 185,1,1 103,-1,1 185,1,1 103,1,1 185,1,1 103,1,1
185,1,1 103,-1,1 185,-1,1 101,-1,1 185,-1,1 101,1,1 185,1,1 103,1,1 185,1,1 103,-1,1
185,-1,1 103,1,1 185,-1,1 103,-1,1 185,-1,1 101,-1,1 185,1,1 101,1,1 185,1,1 185,1,1
103,1,1 185,-1,1 103,-1,1 185,-1,1 103,1,1 185,-1,1 103,-1,1 m] 158,1,1 158,1,1
49,1,1 213,1,1 24,-1,1 24,-1,1 49,1,1 158,-1,1 158,-1,1 m[ 187,-1,1 106,-1,1
187,1,1 79,1,1 187,-1,1 106,-1,1 187,1,1 106,1,1 187,1,1 79,-1,1 187,-1,1 187,-1,1
106,1,1 187,1,1 106,1,1 185,-1,1 103,-1,1 185,-1,1 103,1,1 185,1,1 106,1,1 185,1,1
106,-1,1 185,-1,1 103,-1,1 185,-1,1 103,1,1 185,1,1 103,-1,1 185,1,1 103,1,1 185,1,1
106,1,1 185,-1,1 106,-1,1 185,-1,1 185,-1,1 103,-1,1 185,1,1 103,1,1 185,1,1 103,-1,1
185,1,1 103,1,1 185,1,1 103,1,1 185,1,1 103,-1,1 185,-1,1 101,-1,1 185,-1,1 101,1,1
185,1,1 103,1,1 185,1,1 103,-1,1 185,-1,1 103,1,1 185,-1,1 103,-1,1 185,-1,1 101,-1,1
185,1,1 101,1,1 185,1,1 185,1,1 103,1,1 185,-1,1 103,-1,1 185,-1,1 103,1,1 185,-1,1
103,-1,1 76,1,1 23,-1,1 23,-1,1 182,-1,2 23,1,1 36,-1,1 23,-1,1 182,1,2 23,1,1
185,-1,1 23,-1,1 182,-1,2 23,1,1 36,1,1 23,-1,1 182,1,2 23,1,1 185,1,1 23,1,1
76,-1,1 m] 158,1,1 158,1,1 49,-1,1 24,1,1 24,1,1 214,1,1 158,1,1 m[
187,-1,1 106,-1,1 187,1,1 79,1,1 187,-1,1 106,-1,1 187,1,1 106,1,1 187,1,1 79,-1,1
187,-1,1 187,-1,1 106,1,1 187,1,1 106,1,1 185,-1,1 103,-1,1 185,-1,1 103,1,1 185,1,1
106,1,1 185,1,1 106,-1,1 185,-1,1 103,-1,1 185,-1,1 103,1,1 185,1,1 103,-1,1 185,1,1
103,1,1 185,1,1 106,1,1 185,-1,1 106,-1,1 185,-1,1 185,-1,1 103,-1,1 185,1,1 103,1,1
185,1,1 103,-1,1 185,1,1 103,1,1 185,1,1 103,1,1 185,1,1 103,-1,1 185,-1,1 101,-1,1
185,-1,1 101,1,1 185,1,1 103,1,1 185,1,1 103,-1,1 185,-1,1 103,1,1 185,-1,1 103,-1,1
185,-1,1 101,-1,1 185,1,1 101,1,1 185,1,1 185,1,1 103,1,1 185,-1,1 103,-1,1 185,-1,1
103,1,1 185,-1,1 103,-1,1 m] 158,-1,1 214,-1,1 47,1,1 47,1,1 49,1,1 49,1,1
158,-1,1 158,-1,1 m[ 187,-1,1 106,-1,1 187,1,1 79,1,1 187,-1,1 106,-1,1 187,1,1
106,1,1 187,1,1 79,-1,1 187,-1,1 187,-1,1 106,1,1 187,1,1 106,1,1 185,-1,1 103,-1,1
185,-1,1 103,1,1 185,1,1 106,1,1 185,1,1 106,-1,1 185,-1,1 103,-1,1 185,-1,1 103,1,1
185,1,1 103,-1,1 185,1,1 103,1,1 185,1,1 106,1,1 185,-1,1 106,-1,1 185,-1,1 185,-1,1
103,-1,1 185,1,1 103,1,1 185,1,1 103,-1,1 185,1,1 103,1,1 185,1,1 103,1,1 185,1,1
103,-1,1 185,-1,1 101,-1,1 185,-1,1 101,1,1 185,1,1 103,1,1 185,1,1 103,-1,1 185,-1,1
103,1,1 185,-1,1 103,-1,1 185,-1,1 101,-1,1 185,1,1 101,1,1 185,1,1 185,1,1 103,1,1
185,-1,1 103,-1,1 185,-1,1 103,1,1 185,-1,1 103,-1,1 m] 158,1,1 158,1,1 49,-1,1
49,-1,1 47,-1,1 47,-1,1 25,-1,1 25,-1,1 158,-1,1 m[ 187,-1,1 106,-1,1 187,1,1
79,1,1 187,-1,1 106,-1,1 187,1,1 106,1,1 187,1,1 79,-1,1 187,-1,1 187,-1,1 106,1,1
187,1,1 106,1,1 185,-1,1 103,-1,1 185,-1,1 103,1,1 185,1,1 106,1,1 185,1,1 106,-1,1
185,-1,1 103,-1,1 185,-1,1 103,1,1 185,1,1 103,-1,1 185,1,1 103,1,1 185,1,1 106,1,1
185,-1,1 106,-1,1 185,-1,1 185,-1,1 103,-1,1 185,1,1 103,1,1 185,1,1 103,-1,1 185,1,1
103,1,1 185,1,1 103,1,1 185,1,1 103,-1,1 185,-1,1 101,-1,1 185,-1,1 101,1,1 185,1,1
103,1,1 185,1,1 103,-1,1 185,-1,1 103,1,1 185,-1,1 103,-1,1 185,-1,1 101,-1,1 185,1,1
101,1,1 185,1,1 185,1,1 103,1,1 185,-1,1 103,-1,1 185,-1,1 103,1,1 185,-1,1 103,-1,1
m] 158,1,1 25,1,1 49,1,1 158,-1,1 158,-1,1 m[ 187,-1,1 106,-1,1 187,1,1
79,1,1 187,-1,1 106,-1,1 187,1,1 106,1,1 187,1,1 79,-1,1 187,-1,1 187,-1,1 106,1,1
187,1,1 106,1,1 185,-1,1 103,-1,1 185,-1,1 103,1,1 185,1,1 106,1,1 185,1,1 106,-1,1
185,-1,1 103,-1,1 185,-1,1 103,1,1 185,1,1 103,-1,1 185,1,1 103,1,1 185,1,1 106,1,1
185,-1,1 106,-1,1 185,-1,1 185,-1,1 103,-1,1 185,1,1 103,1,1 185,1,1 103,-1,1 185,1,1
103,1,1 185,1,1 103,1,1 185,1,1 103,-1,1 185,-1,1 101,-1,1 185,-1,1 101,1,1 185,1,1
103,1,1 185,1,1 103,-1,1 185,-1,1 103,1,1 185,-1,1 103,-1,1 185,-1,1 101,-1,1 185,1,1
101,1,1 185,1,1 185,1,1 103,1,1 185,-1,1 103,-1,1 185,-1,1 103,1,1 185,-1,1 103,-1,1
m] 158,1,1 158,1,1 49,-1,1 25,1,1 214,1,1 211,-1,1 211,-1,1 158,1,1 m[
187,-1,1 106,-1,1 187,1,1 79,1,1 187,-1,1 106,-1,1 187,1,1 106,1,1 187,1,1 79,-1,1
187,-1,1 187,-1,1 106,1,1 187,1,1 106,1,1 185,-1,1 103,-1,1 185,-1,1 103,1,1 185,1,1
106,1,1 185,1,1 106,-1,1 185,-1,1 103,-1,1 185,-1,1 103,1,1 185,1,1 103,-1,1 185,1,1
103,1,1 185,1,1 106,1,1 185,-1,1 106,-1,1 185,-1,1 185,-1,1 103,-1,1 185,1,1 103,1,1
185,1,1 103,-1,1 185,1,1 103,1,1 185,1,1 103,1,1 185,1,1 103,-1,1 185,-1,1 101,-1,1
185,-1,1 101,1,1 185,1,1 103,1,1 185,1,1 103,-1,1 185,-1,1 103,1,1 185,-1,1 103,-1,1
185,-1,1 101,-1,1 185,1,1 101,1,1 185,1,1 185,1,1 103,1,1 185,-1,1 103,-1,1 185,-1,1
103,1,1 185,-1,1 103,-1,1 m] 158,-1,1 211,1,1 211,1,1 214,-1,1 25,-1,1 158,-1,1
m[ 187,-1,1 106,-1,1 187,1,1 79,1,1 187,-1,1 106,-1,1 187,1,1 106,1,1 187,1,1
79,-1,1 187,-1,1 187,-1,1 106,1,1 187,1,1 106,1,1 185,-1,1 103,-1,1 185,-1,1 103,1,1
185,1,1 106,1,1 185,1,1 106,-1,1 185,-1,1 103,-1,1 185,-1,1 103,1,1 185,1,1 103,-1,1
185,1,1 103,1,1 185,1,1 106,1,1 185,-1,1 106,-1,1 185,-1,1 185,-1,1 103,-1,1 185,1,1
103,1,1 185,1,1 103,-1,1 185,1,1 103,1,1 185,1,1 103,1,1 185,1,1 103,-1,1 185,-1,1
101,-1,1 185,-1,1 101,1,1 185,1,1 103,1,1 185,1,1 103,-1,1 185,-1,1 103,1,1 185,-1,1
103,-1,1 185,-1,1 101,-1,1 185,1,1 101,1,1 185,1,1 185,1,1 103,1,1 185,-1,1 103,-1,1
185,-1,1 103,1,1 185,-1,1 103,-1,1 76,1,1 23,-1,1 23,-1,1 182,-1,2 23,1,1 36,-1,1
23,-1,1 182,1,2 23,1,1 185,-1,1 23,-1,1 182,-1,2 23,1,1 36,1,1 23,-1,1 182,1,2
23,1,1 185,1,1 23,1,1 76,-1,1 m] 158,1,1 25,1,1 214,-1,1 49,-1,1 158,-1,1
158,-1,1 m[ 187,-1,1 106,-1,1 187,1,1 79,1,1 187,-1,1 106,-1,1 187,1,1 106,1,1
187,1,1 79,-1,1 187,-1,1 187,-1,1 106,1,1 187,1,1 106,1,1 185,-1,1 103,-1,1 185,-1,1
103,1,1 185,1,1 106,1,1 185,1,1 106,-1,1 185,-1,1 103,-1,1 185,-1,1 103,1,1 185,1,1
103,-1,1 185,1,1 103,1,1 185,1,1 106,1,1 185,-1,1 106,-1,1 185,-1,1 185,-1,1 103,-1,1
185,1,1 103,1,1 185,1,1 103,-1,1 185,1,1 103,1,1 185,1,1 103,1,1 185,1,1 103,-1,1
185,-1,1 101,-1,1 185,-1,1 101,1,1 185,1,1 103,1,1 185,1,1 103,-1,1 185,-1,1 103,1,1
185,-1,1 103,-1,1 185,-1,1 101,-1,1 185,1,1 101,1,1 185,1,1 185,1,1 103,1,1 185,-1,1
103,-1,1 185,-1,1 103,1,1 185,-1,1 103,-1,1 m] 158,1,1 158,1,1 49,1,1 214,1,1
182,-1,1 155,1,1 182,1,1 155,-1,1 m[ 187,-1,1 106,-1,1 187,1,1 79,1,1 187,-1,1
106,-1,1 187,1,1 106,1,1 187,1,1 79,-1,1 187,-1,1 187,-1,1 106,1,1 187,1,1 106,1,1
185,-1,1 103,-1,1 185,-1,1 103,1,1 185,1,1 106,1,1 185,1,1 106,-1,1 185,-1,1 103,-1,1
185,-1,1 103,1,1 185,1,1 103,-1,1 185,1,1 103,1,1 185,1,1 106,1,1 185,-1,1 106,-1,1
185,-1,1 185,-1,1 103,-1,1 185,1,1 103,1,1 185,1,1 103,-1,1 185,1,1 103,1,1 185,1,1
103,1,1 185,1,1 103,-1,1 185,-1,1 101,-1,1 185,-1,1 101,1,1 185,1,1 103,1,1 185,1,1
103,-1,1 185,-1,1 103,1,1 185,-1,1 103,-1,1 185,-1,1 101,-1,1 185,1,1 101,1,1 185,1,1
185,1,1 103,1,1 185,-1,1 103,-1,1 185,-1,1 103,1,1 185,-1,1 103,-1,1 76,1,1 23,-1,1
23,-1,1 182,-1,2 23,1,1 36,-1,1 23,-1,1 182,1,2 23,1,1 185,-1,1 23,-1,1 182,-1,2
23,1,1 36,1,1 23,-1,1 182,1,2 23,1,1 185,1,1 23,1,1 76,-1,1 m] 155,1,1
182,-1,1 155,-1,1 182,1,1 47,1,1 49,1,1 158,-1,1 158,-1,1 m[ 187,-1,1 106,-1,1
187,1,1 79,1,1 187,-1,1 106,-1,1 187,1,1 106,1,1 187,1,1 79,-1,1 187,-1,1 187,-1,1
106,1,1 187,1,1 106,1,1 185,-1,1 103,-1,1 185,-1,1 103,1,1 185,1,1 106,1,1 185,1,1
106,-1,1 185,-1,1 103,-1,1 185,-1,1 103,1,1 185,1,1 103,-1,1 185,1,1 103,1,1 185,1,1
106,1,1 185,-1,1 106,-1,1 185,-1,1 185,-1,1 103,-1,1 185,1,1 103,1,1 185,1,1 103,-1,1
185,1,1 103,1,1 185,1,1 103,1,1 185,1,1 103,-1,1 185,-1,1 101,-1,1 185,-1,1 101,1,1
185,1,1 103,1,1 185,1,1 103,-1,1 185,-1,1 103,1,1 185,-1,1 103,-1,1 185,-1,1 101,-1,1
185,1,1 101,1,1 185,1,1 185,1,1 103,1,1 185,-1,1 103,-1,1 185,-1,1 103,1,1 185,-1,1
103,-1,1 76,1,1 23,-1,1 23,-1,1 182,-1,2 23,1,1 36,-1,1 23,-1,1 182,1,2 23,1,1
185,-1,1 23,-1,1 182,-1,2 23,1,1 36,1,1 23,-1,1 182,1,2 23,1,1 185,1,1 23,1,1
76,-1,1 m] 158,1,1 158,1,1 49,-1,1 47,-1,1 214,1,1 214,1,1 159,1,1 m[
187,-1,1 106,-1,1 187,1,1 79,1,1 187,-1,1 106,-1,1 187,1,1 106,1,1 187,1,1 79,-1,1
187,-1,1 187,-1,1 106,1,1 187,1,1 106,1,1 185,-1,1 103,-1,1 185,-1,1 103,1,1 185,1,1
106,1,1 185,1,1 106,-1,1 185,-1,1 103,-1,1 185,-1,1 103,1,1 185,1,1 103,-1,1 185,1,1
103,1,1 185,1,1 106,1,1 185,-1,1 106,-1,1 185,-1,1 185,-1,1 103,-1,1 185,1,1 103,1,1
185,1,1 103,-1,1 185,1,1 103,1,1 185,1,1 103,1,1 185,1,1 103,-1,1 185,-1,1 101,-1,1
185,-1,1 101,1,1 185,1,1 103,1,1 185,1,1 103,-1,1 185,-1,1 103,1,1 185,-1,1 103,-1,1
185,-1,1 101,-1,1 185,1,1 101,1,1 185,1,1 185,1,1 103,1,1 185,-1,1 103,-1,1 185,-1,1
103,1,1 185,-1,1 103,-1,1 76,1,1 23,-1,1 23,-1,1 182,-1,2 23,1,1 36,-1,1 23,-1,1
182,1,2 23,1,1 185,-1,1 23,-1,1 182,-1,2 23,1,1 36,1,1 23,-1,1 182,1,2 23,1,1
185,1,1 23,1,1 76,-1,1 m] 159,-1,1 214,-1,1 214,-1,1 159,-1,1 158,-1,1 158,-1,1
m[ 187,-1,1 106,-1,1 187,1,1 79,1,1 187,-1,1 106,-1,1 187,1,1 106,1,1 187,1,1
79,-1,1 187,-1,1 187,-1,1 106,1,1 187,1,1 106,1,1 185,-1,1 103,-1,1 185,-1,1 103,1,1
185,1,1 106,1,1 185,1,1 106,-1,1 185,-1,1 103,-1,1 185,-1,1 103,1,1 185,1,1 103,-1,1
185,1,1 103,1,1 185,1,1 106,1,1 185,-1,1 106,-1,1 185,-1,1 185,-1,1 103,-1,1 185,1,1
103,1,1 185,1,1 103,-1,1 185,1,1 103,1,1 185,1,1 103,1,1 185,1,1 103,-1,1 185,-1,1
101,-1,1 185,-1,1 101,1,1 185,1,1 103,1,1 185,1,1 103,-1,1 185,-1,1 103,1,1 185,-1,1
103,-1,1 185,-1,1 101,-1,1 185,1,1 101,1,1 185,1,1 185,1,1 103,1,1 185,-1,1 103,-1,1
185,-1,1 103,1,1 185,-1,1 103,-1,1 m] 158,1,1 158,1,1 159,1,1 m[ 174,-1,1
77,-1,1 183,-1,2 77,1,1 39,1,1 77,-1,1 183,1,2 77,1,1 174,1,1 77,-1,1 183,-1,2
77,1,1 39,1,1 77,-1,1 183,1,2 77,1,1 m] 155,-1,1 78,1,1 25,1,1 78,-1,1
m[ 74,1,1 25,-1,1 158,-1,1 213,1,1 158,1,1 25,1,1 74,-1,1 25,-1,1 158,-1,1
213,-1,1 158,1,1 25,1,1 m] 78,1,1 25,-1,1 78,-1,1 155,1,1 155,1,1 155,1,1
158,-1,1 m[ 158,-1,1 78,-1,1 105,-1,1 78,1,1 25,-1,1 158,-1,1 213,1,1 158,1,1
25,1,1 74,1,1 25,-1,1 158,-1,1 213,-1,1 158,1,1 25,1,1 74,-1,1 78,-1,1 105,1,1
78,1,1 158,1,1 m] 158,1,1 155,-1,1 155,-1,1 155,-1,1 m[ 78,-1,1 101,1,1
105,1,1 78,1,1 74,1,1 25,-1,1 158,-1,1 213,1,1 158,1,1 25,1,1 74,-1,1 25,-1,1
158,-1,1 213,-1,1 158,1,1 25,1,1 78,-1,1 105,-1,1 101,-1,1 78,1,1 m] 155,1,1
159,1,1 158,-1,1 158,-1,1 m[ 25,-1,1 158,-1,1 213,1,1 158,1,1 25,1,1 74,1,1
25,-1,1 158,-1,1 213,-1,1 158,1,1 25,1,1 74,-1,1 m] 158,1,1 158,1,1 159,-1,1
49,1,1 105,-1,1 105,-1,1 78,1,1 105,1,1 105,1,1 158,1,1 m[ 158,-1,1 78,-1,1
105,-1,1 78,1,1 74,1,1 25,-1,1 158,-1,1 213,1,1 158,1,1 25,1,1 74,-1,1 25,-1,1
158,-1,1 213,-1,1 158,1,1 25,1,1 78,-1,1 105,1,1 78,1,1 158,1,1 m] 158,-1,1
105,-1,1 105,-1,1 78,-1,1 105,1,1 105,1,1 158,-1,1 m[ 158,-1,1 78,-1,1 105,-1,1
78,1,1 25,-1,1 158,-1,1 213,1,1 158,1,1 25,1,1 74,1,1 25,-1,1 158,-1,1 213,-1,1
158,1,1 25,1,1 74,-1,1 78,-1,1 105,1,1 78,1,1 158,1,1 m] 158,1,1 49,-1,1
214,1,1 211,-1,1 158,1,1 m[ 74,1,1 25,-1,1 158,-1,1 213,1,1 158,1,1 25,1,1
74,-1,1 25,-1,1 158,-1,1 213,-1,1 158,1,1 25,1,1 m] 158,-1,1 211,1,1 214,-1,1
155,-1,1 158,1,1 m[ 158,-1,1 78,-1,1 105,-1,1 78,1,1 25,-1,1 158,-1,1 213,1,1
158,1,1 25,1,1 74,1,1 25,-1,1 158,-1,1 213,-1,1 158,1,1 25,1,1 74,-1,1 78,-1,1
105,1,1 78,1,1 158,1,1 m] 158,-1,1 155,1,1 105,-1,1 25,-1,1 25,-1,1 105,1,1
158,1,1 158,1,1 m[ 158,-1,1 78,-1,1 105,-1,1 78,1,1 74,1,1 25,-1,1 158,-1,1
213,1,1 158,1,1 25,1,1 74,-1,1 25,-1,1 158,-1,1 213,-1,1 158,1,1 25,1,1 78,-1,1
105,1,1 78,1,1 158,1,1 m] 158,-1,1 158,-1,1 105,-1,1 25,1,1 25,1,1 105,1,1
158,1,1 m[ 25,-1,1 158,-1,1 213,1,1 158,1,1 25,1,1 74,1,1 25,-1,1 158,-1,1
213,-1,1 158,1,1 25,1,1 74,-1,1 m] 158,-1,1 214,-1,1 214,-1,1 211,-1,1 158,1,1
m[ 158,-1,1 78,-1,1 105,-1,1 78,1,1 74,1,1 25,-1,1 158,-1,1 213,1,1 158,1,1
25,1,1 74,-1,1 25,-1,1 158,-1,1 213,-1,1 158,1,1 25,1,1 78,-1,1 105,1,1 78,1,1
158,1,1 m] 158,-1,1 211,1,1 214,1,1 214,1,1 158,1,1 m[ 158,-1,1 78,-1,1
105,-1,1 78,1,1 25,-1,1 158,-1,1 213,1,1 158,1,1 25,1,1 74,1,1 25,-1,1 158,-1,1
213,-1,1 158,1,1 25,1,1 74,-1,1 78,-1,1 105,1,1 78,1,1 158,1,1 m] 158,-1,1
211,-1,1 211,-1,1 158,1,1 m[ 74,1,1 25,-1,1 158,-1,1 213,1,1 158,1,1 25,1,1
74,-1,1 25,-1,1 158,-1,1 213,-1,1 158,1,1 25,1,1 m] 158,-1,1 211,1,1 211,1,1
159,-1,1 158,-1,1 m[ 25,-1,1 158,-1,1 213,1,1 158,1,1 25,1,1 74,1,1 25,-1,1
158,-1,1 213,-1,1 158,1,1 25,1,1 74,-1,1 m] 158,1,1 159,1,1 214,1,1 211,-1,1
211,-1,1 158,1,1 m[ 78,-1,1 101,1,1 105,1,1 78,1,1 74,1,1 25,-1,1 158,-1,1
213,1,1 158,1,1 25,1,1 74,-1,1 25,-1,1 158,-1,1 213,-1,1 158,1,1 25,1,1 78,-1,1
105,-1,1 101,-1,1 78,1,1 m] 158,-1,1 211,1,1 211,1,1 158,1,1 158,1,1 m[
158,-1,1 78,-1,1 105,-1,1 78,1,1 25,-1,1 158,-1,1 213,1,1 158,1,1 25,1,1 74,1,1
25,-1,1 158,-1,1 213,-1,1 158,1,1 25,1,1 74,-1,1 78,-1,1 105,1,1 78,1,1 158,1,1
m] 158,-1,1 158,-1,1 214,-1,1 25,-1,1 m[ 155,1,1 47,1,1 101,-1,1 186,1,1
105,1,1 163,1,1 82,1,1 27,-1,1 82,-1,1 163,-1,1 105,-1,1 186,-1,1 101,1,1 27,1,1
47,-1,1 155,-1,1 m] 214,1,1 159,1,1 m[ 155,1,1 47,1,1 27,-1,1 101,-1,1
186,1,1 105,1,1 163,1,1 82,1,1 27,1,1 82,-1,1 163,-1,1 105,-1,1 186,-1,1 101,1,1
47,-1,1 155,-1,1 m] 159,-1,1 214,-1,1 25,1,1.
